Archive member included to satisfy reference by file (symbol)

c:/nxp/mcuxpressoide_11.6.0_8187/ide/plugins/com.nxp.mcuxpresso.tools.win32_11.6.0.202112161359/tools/bin/../lib/gcc/arm-none-eabi/10.3.1/../../../../arm-none-eabi/lib/thumb/v6-m/nofp\libcr_nohost_nf.a(__ciob.o)
                              ./source/cmd_handle.o (__Ciob)
c:/nxp/mcuxpressoide_11.6.0_8187/ide/plugins/com.nxp.mcuxpresso.tools.win32_11.6.0.202112161359/tools/bin/../lib/gcc/arm-none-eabi/10.3.1/../../../../arm-none-eabi/lib/thumb/v6-m/nofp\libcr_nohost_nf.a(_cr__main.o)
                              ./startup/startup_mkl25z4.o (__main)
c:/nxp/mcuxpressoide_11.6.0_8187/ide/plugins/com.nxp.mcuxpresso.tools.win32_11.6.0.202112161359/tools/bin/../lib/gcc/arm-none-eabi/10.3.1/../../../../arm-none-eabi/lib/thumb/v6-m/nofp\libcr_c.a(memcpy.o)
                              ./drivers/fsl_flash.o (memcpy)
c:/nxp/mcuxpressoide_11.6.0_8187/ide/plugins/com.nxp.mcuxpresso.tools.win32_11.6.0.202112161359/tools/bin/../lib/gcc/arm-none-eabi/10.3.1/../../../../arm-none-eabi/lib/thumb/v6-m/nofp\libcr_c.a(memset.o)
                              ./source/cmd_handle.o (memset)
c:/nxp/mcuxpressoide_11.6.0_8187/ide/plugins/com.nxp.mcuxpresso.tools.win32_11.6.0.202112161359/tools/bin/../lib/gcc/arm-none-eabi/10.3.1/../../../../arm-none-eabi/lib/thumb/v6-m/nofp\libcr_c.a(__fillbuf.o)
                              ./source/cmd_handle.o (__filbuf)
c:/nxp/mcuxpressoide_11.6.0_8187/ide/plugins/com.nxp.mcuxpresso.tools.win32_11.6.0.202112161359/tools/bin/../lib/gcc/arm-none-eabi/10.3.1/../../../../arm-none-eabi/lib/thumb/v6-m/nofp\libcr_c.a(_deferredlazyseek.o)
                              c:/nxp/mcuxpressoide_11.6.0_8187/ide/plugins/com.nxp.mcuxpresso.tools.win32_11.6.0.202112161359/tools/bin/../lib/gcc/arm-none-eabi/10.3.1/../../../../arm-none-eabi/lib/thumb/v6-m/nofp\libcr_c.a(__fillbuf.o) (_deferredlazyseek)
c:/nxp/mcuxpressoide_11.6.0_8187/ide/plugins/com.nxp.mcuxpresso.tools.win32_11.6.0.202112161359/tools/bin/../lib/gcc/arm-none-eabi/10.3.1/../../../../arm-none-eabi/lib/thumb/v6-m/nofp\libcr_c.a(_fflush.o)
                              c:/nxp/mcuxpressoide_11.6.0_8187/ide/plugins/com.nxp.mcuxpresso.tools.win32_11.6.0.202112161359/tools/bin/../lib/gcc/arm-none-eabi/10.3.1/../../../../arm-none-eabi/lib/thumb/v6-m/nofp\libcr_c.a(__fillbuf.o) (_fflush)
c:/nxp/mcuxpressoide_11.6.0_8187/ide/plugins/com.nxp.mcuxpresso.tools.win32_11.6.0.202112161359/tools/bin/../lib/gcc/arm-none-eabi/10.3.1/../../../../arm-none-eabi/lib/thumb/v6-m/nofp\libcr_c.a(_writebuf.o)
                              c:/nxp/mcuxpressoide_11.6.0_8187/ide/plugins/com.nxp.mcuxpresso.tools.win32_11.6.0.202112161359/tools/bin/../lib/gcc/arm-none-eabi/10.3.1/../../../../arm-none-eabi/lib/thumb/v6-m/nofp\libcr_c.a(_deferredlazyseek.o) (_Cwritebuf)
c:/nxp/mcuxpressoide_11.6.0_8187/ide/plugins/com.nxp.mcuxpresso.tools.win32_11.6.0.202112161359/tools/bin/../lib/gcc/arm-none-eabi/10.3.1/../../../../arm-none-eabi/lib/thumb/v6-m/nofp\libcr_c.a(alloc.o)
                              c:/nxp/mcuxpressoide_11.6.0_8187/ide/plugins/com.nxp.mcuxpresso.tools.win32_11.6.0.202112161359/tools/bin/../lib/gcc/arm-none-eabi/10.3.1/../../../../arm-none-eabi/lib/thumb/v6-m/nofp\libcr_c.a(__fillbuf.o) (_Csys_alloc)
c:/nxp/mcuxpressoide_11.6.0_8187/ide/plugins/com.nxp.mcuxpresso.tools.win32_11.6.0.202112161359/tools/bin/../lib/gcc/arm-none-eabi/10.3.1/../../../../arm-none-eabi/lib/thumb/v6-m/nofp\libcr_c.a(atan2.o)
                              ./source/mma8451.o (atan2)
c:/nxp/mcuxpressoide_11.6.0_8187/ide/plugins/com.nxp.mcuxpresso.tools.win32_11.6.0.202112161359/tools/bin/../lib/gcc/arm-none-eabi/10.3.1/../../../../arm-none-eabi/lib/thumb/v6-m/nofp\libcr_c.a(errno.o)
                              c:/nxp/mcuxpressoide_11.6.0_8187/ide/plugins/com.nxp.mcuxpresso.tools.win32_11.6.0.202112161359/tools/bin/../lib/gcc/arm-none-eabi/10.3.1/../../../../arm-none-eabi/lib/thumb/v6-m/nofp\libcr_c.a(atan2.o) (errno)
c:/nxp/mcuxpressoide_11.6.0_8187/ide/plugins/com.nxp.mcuxpresso.tools.win32_11.6.0.202112161359/tools/bin/../lib/gcc/arm-none-eabi/10.3.1/../../../../arm-none-eabi/lib/thumb/v6-m/nofp\libcr_c.a(fabs.o)
                              ./source/leds.o (fabs)
c:/nxp/mcuxpressoide_11.6.0_8187/ide/plugins/com.nxp.mcuxpresso.tools.win32_11.6.0.202112161359/tools/bin/../lib/gcc/arm-none-eabi/10.3.1/../../../../arm-none-eabi/lib/thumb/v6-m/nofp\libcr_c.a(fseek.o)
                              c:/nxp/mcuxpressoide_11.6.0_8187/ide/plugins/com.nxp.mcuxpresso.tools.win32_11.6.0.202112161359/tools/bin/../lib/gcc/arm-none-eabi/10.3.1/../../../../arm-none-eabi/lib/thumb/v6-m/nofp\libcr_c.a(_deferredlazyseek.o) (fseek)
c:/nxp/mcuxpressoide_11.6.0_8187/ide/plugins/com.nxp.mcuxpresso.tools.win32_11.6.0.202112161359/tools/bin/../lib/gcc/arm-none-eabi/10.3.1/../../../../arm-none-eabi/lib/thumb/v6-m/nofp\libcr_c.a(ftell.o)
[...]
Memory Configuration

Name             Origin             Length             Attributes
PROGRAM_FLASH    0x00000000         0x00020000         xr
SRAM             0x1ffff000         0x00004000         xrw
*default*        0x00000000         0xffffffff

Linker script and memory map

LOAD ./utilities/fsl_debug_console.o
LOAD ./startup/startup_mkl25z4.o
LOAD ./source/TSI_module.o
LOAD ./source/cb_fifo.o
LOAD ./source/cmd_handle.o
LOAD ./source/delay.o
LOAD ./source/i2c.o
LOAD ./source/leds.o
LOAD ./source/main.o
LOAD ./source/mma8451.o
LOAD ./source/mtb.o
LOAD ./source/semihost_hardfault.o
LOAD ./source/sysclock.o
LOAD ./source/systick.o
LOAD ./source/uart.o
LOAD ./drivers/fsl_clock.o
LOAD ./drivers/fsl_common.o
LOAD ./drivers/fsl_flash.o
LOAD ./drivers/fsl_gpio.o
LOAD ./drivers/fsl_lpsci.o
LOAD ./drivers/fsl_smc.o
LOAD ./drivers/fsl_uart.o
LOAD ./board/board.o
LOAD ./board/clock_config.o
LOAD ./board/peripherals.o
LOAD ./board/pin_mux.o
LOAD ./CMSIS/system_MKL25Z4.o
START GROUP
LOAD c:/nxp/mcuxpressoide_11.6.0_8187/ide/plugins/com.nxp.mcuxpresso.tools.win32_11.6.0.202112161359/tools/bin/../lib/gcc/arm-none-eabi/10.3.1/../../../../arm-none-eabi/lib/thumb/v6-m/nofp\libcr_nohost_nf.a
LOAD c:/nxp/mcuxpressoide_11.6.0_8187/ide/plugins/com.nxp.mcuxpresso.tools.win32_11.6.0.202112161359/tools/bin/../lib/gcc/arm-none-eabi/10.3.1/../../../../arm-none-eabi/lib/thumb/v6-m/nofp\libcr_c.a
LOAD c:/nxp/mcuxpressoide_11.6.0_8187/ide/plugins/com.nxp.mcuxpresso.tools.win32_11.6.0.202112161359/tools/bin/../lib/gcc/arm-none-eabi/10.3.1/thumb/v6-m/nofp\libcr_eabihelpers.a
LOAD c:/nxp/mcuxpressoide_11.6.0_8187/ide/plugins/com.nxp.mcuxpresso.tools.win32_11.6.0.202112161359/tools/bin/../lib/gcc/arm-none-eabi/10.3.1/thumb/v6-m/nofp\libgcc.a
END GROUP
                0x00000000                __base_PROGRAM_FLASH = 0x0
                0x00000000                __base_Flash = 0x0
                0x00020000                __top_PROGRAM_FLASH = 0x20000
                0x00020000                __top_Flash = 0x20000
                0x1ffff000                __base_SRAM = 0x1ffff000
                0x1ffff000                __base_RAM = 0x1ffff000
                0x20003000                __top_SRAM = 0x20003000
                0x20003000                __top_RAM = 0x20003000

.text           0x00000000     0x73fc
 FILL mask 0xff
                0x00000000                __vectors_start__ = ABSOLUTE (.)
 *(SORT_BY_ALIGNMENT(.isr_vector))
 .isr_vector    0x00000000       0xc0 ./startup/startup_mkl25z4.o
                0x00000000                g_pfnVectors
                0x00000000                __Vectors
                0x000000c0                . = ALIGN (0x4)
                0x000000c0                __section_table_start = .
                0x000000c0                __data_section_table = .
                0x000000c0        0x4 LONG 0x73fc LOADADDR (.data)
                0x000000c4        0x4 LONG 0x1ffff080 ADDR (.data)
                0x000000c8        0x4 LONG 0x30 SIZEOF (.data)
                0x000000cc                __data_section_table_end = .
                0x000000cc                __bss_section_table = .
                0x000000cc        0x4 LONG 0x1ffff0b0 ADDR (.bss)
                0x000000d0        0x4 LONG 0x340 SIZEOF (.bss)
                0x000000d4                __bss_section_table_end = .
                0x000000d4                __section_table_end = .
 *(SORT_BY_ALIGNMENT(.after_vectors*))
 .after_vectors.reset
                0x000000d4       0x4c ./startup/startup_mkl25z4.o
                0x000000d4                ResetISR
 .after_vectors.init_data
                0x00000120       0x12 ./startup/startup_mkl25z4.o
                0x00000120                data_init
 .after_vectors.init_bss
                0x00000132       0x10 ./startup/startup_mkl25z4.o
                0x00000132                bss_init
 .after_vectors
                0x00000142      0x10c ./startup/startup_mkl25z4.o
                0x00000142                NMI_Handler
                0x00000146                SVC_Handler
                0x00000148                PendSV_Handler
                0x0000014c                SPI1_DriverIRQHandler
                0x0000014c                LPTMR0_DriverIRQHandler
                0x0000014c                DMA0_DriverIRQHandler
                0x0000014c                I2C0_DriverIRQHandler
                0x0000014c                Reserved39_DriverIRQHandler
                0x0000014c                PORTD_DriverIRQHandler
                0x0000014c                DMA2_DriverIRQHandler
                0x0000014c                CMP0_DriverIRQHandler
                0x0000014c                TPM2_DriverIRQHandler
                0x0000014c                ADC0_DriverIRQHandler
                0x0000014c                SPI0_DriverIRQHandler
                0x0000014c                TSI0_DriverIRQHandler
                0x0000014c                RTC_Seconds_DriverIRQHandler
                0x0000014c                LLWU_DriverIRQHandler
                0x0000014c                MCG_DriverIRQHandler
                0x0000014c                I2C1_DriverIRQHandler
                0x0000014c                DMA1_DriverIRQHandler
                0x0000014c                PIT_DriverIRQHandler
                0x0000014c                FTFA_DriverIRQHandler
                0x0000014c                IntDefaultHandler
                0x0000014c                USB0_DriverIRQHandler
                0x0000014c                DAC0_DriverIRQHandler
                0x0000014c                RTC_DriverIRQHandler
                0x0000014c                LVD_LVW_DriverIRQHandler
                0x0000014c                TPM0_DriverIRQHandler
                0x0000014c                TPM1_DriverIRQHandler
                0x0000014c                PORTA_DriverIRQHandler
                0x0000014c                Reserved20_DriverIRQHandler
                0x0000014c                DMA3_DriverIRQHandler
                0x0000014c                Reserved45_DriverIRQHandler
                0x0000014e                DMA0_IRQHandler
                0x00000156                DMA1_IRQHandler
                0x0000015e                DMA2_IRQHandler
                0x00000166                DMA3_IRQHandler
                0x0000016e                Reserved20_IRQHandler
                0x00000176                FTFA_IRQHandler
                0x0000017e                LVD_LVW_IRQHandler
                0x00000186                LLWU_IRQHandler
                0x0000018e                I2C0_IRQHandler
                0x00000196                I2C1_IRQHandler
                0x0000019e                SPI0_IRQHandler
                0x000001a6                SPI1_IRQHandler
                0x000001b6                UART1_IRQHandler
                0x000001be                UART2_IRQHandler
                0x000001c6                ADC0_IRQHandler
                0x000001ce                CMP0_IRQHandler
                0x000001d6                TPM0_IRQHandler
                0x000001de                TPM1_IRQHandler
                0x000001e6                TPM2_IRQHandler
                0x000001ee                RTC_IRQHandler
                0x000001f6                RTC_Seconds_IRQHandler
                0x000001fe                PIT_IRQHandler
                0x00000206                Reserved39_IRQHandler
                0x0000020e                USB0_IRQHandler
                0x00000216                DAC0_IRQHandler
                0x00000226                MCG_IRQHandler
                0x0000022e                LPTMR0_IRQHandler
                0x00000236                Reserved45_IRQHandler
                0x0000023e                PORTA_IRQHandler
                0x00000246                PORTD_IRQHandler
                0x00000400                . = 0x400
 *fill*         0x0000024e      0x1b2 ff
                0x00000400                PROVIDE (__FLASH_CONFIG_START__ = .)
 *(SORT_BY_ALIGNMENT(.FlashConfig))
 .FlashConfig   0x00000400       0x10 ./startup/startup_mkl25z4.o
                0x00000400                Flash_Config
                0x00000410                PROVIDE (__FLASH_CONFIG_END__ = .)
                0x00000001                ASSERT (! ((__FLASH_CONFIG_START__ == __FLASH_CONFIG_END__)), Linker Flash Config Support Enabled, but no .FlashConfig section provided within application)
 *(SORT_BY_ALIGNMENT(.text*))
 .text.DbgConsole_Init
                0x00000410       0xf4 ./utilities/fsl_debug_console.o
                0x00000410                DbgConsole_Init
 .text.DbgConsole_Printf
                0x00000504       0x44 ./utilities/fsl_debug_console.o
                0x00000504                DbgConsole_Printf
 .text.DbgConsole_Putchar
                0x00000548       0x34 ./utilities/fsl_debug_console.o
                0x00000548                DbgConsole_Putchar
 .text.NVIC_EnableIRQ
                0x0000057c       0x2c ./source/TSI_module.o
 .text.NVIC_ClearPendingIRQ
                0x000005a8       0x30 ./source/TSI_module.o
 .text.NVIC_SetPriority
                0x000005d8       0xdc ./source/TSI_module.o
 .text.TSIInit  0x000006b4       0x78 ./source/TSI_module.o
                0x000006b4                TSIInit
 .text.TSI0_IRQHandler
                0x0000072c       0x3c ./source/TSI_module.o
                0x0000072c                TSI0_IRQHandler
 .text.get_touch_val
                0x00000768       0x28 ./source/TSI_module.o
                0x00000768                get_touch_val
 .text.test_cbfifo
                0x00000790      0x2cc ./source/cb_fifo.o
                0x00000790                test_cbfifo
 .text.handle_user
                0x00000a5c       0x20 ./source/cmd_handle.o
                0x00000a5c                handle_user
 .text.process_handler
                0x00000a7c       0xa0 ./source/cmd_handle.o
                0x00000a7c                process_handler
 .text.user_authetication
                0x00000b1c      0x138 ./source/cmd_handle.o
                0x00000b1c                user_authetication
 .text.Delay    0x00000c54       0x2c ./source/delay.o
                0x00000c54                Delay
 .text.i2c_init
                0x00000c80       0x84 ./source/i2c.o
                0x00000c80                i2c_init
 .text.i2c_busy
                0x00000d04      0x174 ./source/i2c.o
                0x00000d04                i2c_busy
 .text.i2c_wait
                0x00000e78       0x6c ./source/i2c.o
                0x00000e78                i2c_wait
 .text.i2c_start
                0x00000ee4       0x30 ./source/i2c.o
                0x00000ee4                i2c_start
 .text.i2c_read_setup
                0x00000f14       0x68 ./source/i2c.o
                0x00000f14                i2c_read_setup
 .text.i2c_repeated_read
                0x00000f7c       0x80 ./source/i2c.o
                0x00000f7c                i2c_repeated_read
 .text.i2c_write_byte
                0x00000ffc       0x80 ./source/i2c.o
                0x00000ffc                i2c_write_byte
 .text.Init_RGB_LEDs
                0x0000107c      0x144 ./source/leds.o
                0x0000107c                Init_RGB_LEDs
 .text.setledpwm_uphill
                0x000011c0      0x174 ./source/leds.o
                0x000011c0                setledpwm_uphill
 .text.setledpwm_downhill
                0x00001334      0x178 ./source/leds.o
                0x00001334                setledpwm_downhill
 .text.setledpwm_plainterrain
                0x000014ac       0xb0 ./source/leds.o
                0x000014ac                setledpwm_plainterrain
 .text.setledpwm_parkbrake
                0x0000155c       0x48 ./source/leds.o
                0x0000155c                setledpwm_parkbrake
 .text.TakeAction_Event
                0x000015a4      0x2e4 ./source/main.o
                0x000015a4                TakeAction_Event
 .text.transition_parkbrake
                0x00001888      0x18c ./source/main.o
                0x00001888                transition_parkbrake
 .text.main     0x00001a14       0xf8 ./source/main.o
                0x00001a14                main
 .text.read_full_xyz
                0x00001b0c       0xd8 ./source/mma8451.o
                0x00001b0c                read_full_xyz
 .text.convert_xyz_to_roll_pitch
                0x00001be4      0x158 ./source/mma8451.o
                0x00001be4                convert_xyz_to_roll_pitch
 .text.HardFault_Handler
                0x00001d3c       0x30 ./source/semihost_hardfault.o
                0x00001d3c                HardFault_Handler
 .text.sysclock_init
                0x00001d6c       0x78 ./source/sysclock.o
                0x00001d6c                sysclock_init
 .text.NVIC_SetPriority
                0x00001de4       0xdc ./source/systick.o
 .text.SysTick_Config
                0x00001ec0       0x48 ./source/systick.o
 .text.init_systick
                0x00001f08       0x18 ./source/systick.o
                0x00001f08                init_systick
 .text.now      0x00001f20       0x14 ./source/systick.o
                0x00001f20                now
 .text.reset_timer
                0x00001f34       0x1c ./source/systick.o
                0x00001f34                reset_timer
 .text.get_timer
                0x00001f50       0x1c ./source/systick.o
                0x00001f50                get_timer
 .text.SysTick_Handler
                0x00001f6c       0x18 ./source/systick.o
                0x00001f6c                SysTick_Handler
 .text.NVIC_EnableIRQ
                0x00001f84       0x2c ./source/uart.o
 .text.NVIC_ClearPendingIRQ
                0x00001fb0       0x30 ./source/uart.o
 .text.NVIC_SetPriority
                0x00001fe0       0xdc ./source/uart.o
 .text.uart0_init
                0x000020bc      0x158 ./source/uart.o
                0x000020bc                uart0_init
 .text.__sys_readc
                0x00002214       0x34 ./source/uart.o
                0x00002214                __sys_readc
 .text.__sys_write
                0x00002248       0x60 ./source/uart.o
                0x00002248                __sys_write
 .text.UART0_IRQHandler
                0x000022a8       0xbc ./source/uart.o
                0x000022a8                UART0_IRQHandler
 .text.CLOCK_SetEr32kClock
                0x00002364       0x34 ./drivers/fsl_clock.o
 .text.CLOCK_SetPllFllSelClock
                0x00002398       0x38 ./drivers/fsl_clock.o
 .text.CLOCK_GetMcgExtClkFreq
                0x000023d0       0x28 ./drivers/fsl_clock.o
 .text.CLOCK_GetFllExtRefClkFreq
                0x000023f8       0xa8 ./drivers/fsl_clock.o
 .text.CLOCK_GetFllRefClkFreq
                0x000024a0       0x2c ./drivers/fsl_clock.o
 .text.CLOCK_GetOscRangeFromFreq
                0x000024cc       0x4c ./drivers/fsl_clock.o
 .text.CLOCK_GetPllFllSelClkFreq
                0x00002518       0x4c ./drivers/fsl_clock.o
                0x00002518                CLOCK_GetPllFllSelClkFreq
 .text.CLOCK_SetSimConfig
                0x00002564       0x38 ./drivers/fsl_clock.o
                0x00002564                CLOCK_SetSimConfig
 .text.CLOCK_GetFllFreq
                0x0000259c       0x84 ./drivers/fsl_clock.o
                0x0000259c                CLOCK_GetFllFreq
 .text.CLOCK_GetPll0Freq
                0x00002620       0x70 ./drivers/fsl_clock.o
                0x00002620                CLOCK_GetPll0Freq
 .text.CLOCK_SetInternalRefClkConfig
                0x00002690      0x124 ./drivers/fsl_clock.o
                0x00002690                CLOCK_SetInternalRefClkConfig
 .text.CLOCK_EnablePll0
                0x000027b4       0x94 ./drivers/fsl_clock.o
                0x000027b4                CLOCK_EnablePll0
 .text.CLOCK_InitOsc0
                0x00002848       0x94 ./drivers/fsl_clock.o
                0x00002848                CLOCK_InitOsc0
 .text.CLOCK_SetPbeMode
                0x000028dc       0xb0 ./drivers/fsl_clock.o
                0x000028dc                CLOCK_SetPbeMode
 .text.CLOCK_BootToPeeMode
                0x0000298c       0x70 ./drivers/fsl_clock.o
                0x0000298c                CLOCK_BootToPeeMode
 .text.__assertion_failed
                0x000029fc       0x1c ./drivers/fsl_common.o
                0x000029fc                __assertion_failed
 .text.CLOCK_EnableClock
                0x00002a18       0x34 ./drivers/fsl_lpsci.o
 .text.LPSCI_GetInstance
                0x00002a4c       0x48 ./drivers/fsl_lpsci.o
                0x00002a4c                LPSCI_GetInstance
 .text.LPSCI_Init
                0x00002a94      0x258 ./drivers/fsl_lpsci.o
                0x00002a94                LPSCI_Init
 .text.LPSCI_GetDefaultConfig
                0x00002cec       0x44 ./drivers/fsl_lpsci.o
                0x00002cec                LPSCI_GetDefaultConfig
 .text.LPSCI_ClearStatusFlags
                0x00002d30       0x94 ./drivers/fsl_lpsci.o
                0x00002d30                LPSCI_ClearStatusFlags
 .text.LPSCI_WriteBlocking
                0x00002dc4       0x4c ./drivers/fsl_lpsci.o
                0x00002dc4                LPSCI_WriteBlocking
 .text.LPSCI_ReadBlocking
                0x00002e10       0xc0 ./drivers/fsl_lpsci.o
                0x00002e10                LPSCI_ReadBlocking
 .text.UART0_DriverIRQHandler
                0x00002ed0       0x24 ./drivers/fsl_lpsci.o
                0x00002ed0                UART0_DriverIRQHandler
 .text.CLOCK_EnableClock
                0x00002ef4       0x34 ./drivers/fsl_uart.o
 .text.UART_GetInstance
                0x00002f28       0x54 ./drivers/fsl_uart.o
                0x00002f28                UART_GetInstance
 .text.UART_Init
                0x00002f7c      0x1e0 ./drivers/fsl_uart.o
                0x00002f7c                UART_Init
 .text.UART_GetDefaultConfig
                0x0000315c       0x44 ./drivers/fsl_uart.o
                0x0000315c                UART_GetDefaultConfig
 .text.UART_ReadBlocking
                0x000031a0       0x98 ./drivers/fsl_uart.o
                0x000031a0                UART_ReadBlocking
 .text.UART1_DriverIRQHandler
                0x00003238       0x24 ./drivers/fsl_uart.o
                0x00003238                UART1_DriverIRQHandler
 .text.UART2_DriverIRQHandler
                0x0000325c       0x24 ./drivers/fsl_uart.o
                0x0000325c                UART2_DriverIRQHandler
 .text.CLOCK_SetLpsci0Clock
                0x00003280       0x38 ./board/board.o
 .text.BOARD_InitDebugConsole
                0x000032b8       0x30 ./board/board.o
                0x000032b8                BOARD_InitDebugConsole
 .text.CLOCK_SetSimSafeDivs
                0x000032e8       0x20 ./board/clock_config.o
 .text.CLOCK_SetXtal0Freq
                0x00003308       0x1c ./board/clock_config.o
 .text.CLOCK_CONFIG_SetFllExtRefDiv
                0x00003324       0x3c ./board/clock_config.o
 .text.BOARD_BootClockRUN
                0x00003360       0x64 ./board/clock_config.o
                0x00003360                BOARD_BootClockRUN
 .text.CLOCK_EnableClock
                0x000033c4       0x34 ./board/pin_mux.o
 .text.PORT_SetPinMux
                0x000033f8       0x40 ./board/pin_mux.o
 .text.BOARD_InitPins
                0x00003438       0x4c ./board/pin_mux.o
                0x00003438                BOARD_InitPins
 .text.SystemInit
                0x00003484       0x18 ./CMSIS/system_MKL25Z4.o
                0x00003484                SystemInit
 .text.__filbuf
                0x0000349c      0x188 c:/nxp/mcuxpressoide_11.6.0_8187/ide/plugins/com.nxp.mcuxpresso.tools.win32_11.6.0.202112161359/tools/bin/../lib/gcc/arm-none-eabi/10.3.1/../../../../arm-none-eabi/lib/thumb/v6-m/nofp\libcr_c.a(__fillbuf.o)
                0x0000349c                __filbuf
 .text._deferredlazyseek
                0x00003624       0x40 c:/nxp/mcuxpressoide_11.6.0_8187/ide/plugins/com.nxp.mcuxpresso.tools.win32_11.6.0.202112161359/tools/bin/../lib/gcc/arm-none-eabi/10.3.1/../../../../arm-none-eabi/lib/thumb/v6-m/nofp\libcr_c.a(_deferredlazyseek.o)
                0x00003624                _deferredlazyseek
 .text.__flsbuf
                0x00003664      0x150 c:/nxp/mcuxpressoide_11.6.0_8187/ide/plugins/com.nxp.mcuxpresso.tools.win32_11.6.0.202112161359/tools/bin/../lib/gcc/arm-none-eabi/10.3.1/../../../../arm-none-eabi/lib/thumb/v6-m/nofp\libcr_c.a(_deferredlazyseek.o)
                0x00003664                __flsbuf
 .text._fflush  0x000037b4       0x60 c:/nxp/mcuxpressoide_11.6.0_8187/ide/plugins/com.nxp.mcuxpresso.tools.win32_11.6.0.202112161359/tools/bin/../lib/gcc/arm-none-eabi/10.3.1/../../../../arm-none-eabi/lib/thumb/v6-m/nofp\libcr_c.a(_fflush.o)
                0x000037b4                _fflush
 .text._Cwritebuf
                0x00003814       0x68 c:/nxp/mcuxpressoide_11.6.0_8187/ide/plugins/com.nxp.mcuxpresso.tools.win32_11.6.0.202112161359/tools/bin/../lib/gcc/arm-none-eabi/10.3.1/../../../../arm-none-eabi/lib/thumb/v6-m/nofp\libcr_c.a(_writebuf.o)
                0x00003814                _Cwritebuf
 .text.malloc   0x0000387c       0xcc c:/nxp/mcuxpressoide_11.6.0_8187/ide/plugins/com.nxp.mcuxpresso.tools.win32_11.6.0.202112161359/tools/bin/../lib/gcc/arm-none-eabi/10.3.1/../../../../arm-none-eabi/lib/thumb/v6-m/nofp\libcr_c.a(alloc.o)
                0x0000387c                malloc
 .text._Csys_alloc
                0x00003948       0x20 c:/nxp/mcuxpressoide_11.6.0_8187/ide/plugins/com.nxp.mcuxpresso.tools.win32_11.6.0.202112161359/tools/bin/../lib/gcc/arm-none-eabi/10.3.1/../../../../arm-none-eabi/lib/thumb/v6-m/nofp\libcr_c.a(alloc.o)
                0x00003948                _Csys_alloc
 .text.atan2    0x00003968      0x108 c:/nxp/mcuxpressoide_11.6.0_8187/ide/plugins/com.nxp.mcuxpresso.tools.win32_11.6.0.202112161359/tools/bin/../lib/gcc/arm-none-eabi/10.3.1/../../../../arm-none-eabi/lib/thumb/v6-m/nofp\libcr_c.a(atan2.o)
                0x00003968                atan2
 .text.fseek    0x00003a70       0xf0 c:/nxp/mcuxpressoide_11.6.0_8187/ide/plugins/com.nxp.mcuxpresso.tools.win32_11.6.0.202112161359/tools/bin/../lib/gcc/arm-none-eabi/10.3.1/../../../../arm-none-eabi/lib/thumb/v6-m/nofp\libcr_c.a(fseek.o)
                0x00003a70                fseek
 .text.ftell    0x00003b60       0x48 c:/nxp/mcuxpressoide_11.6.0_8187/ide/plugins/com.nxp.mcuxpresso.tools.win32_11.6.0.202112161359/tools/bin/../lib/gcc/arm-none-eabi/10.3.1/../../../../arm-none-eabi/lib/thumb/v6-m/nofp\libcr_c.a(ftell.o)
                0x00003b60                ftell
 .text._initio  0x00003ba8       0x7c c:/nxp/mcuxpressoide_11.6.0_8187/ide/plugins/com.nxp.mcuxpresso.tools.win32_11.6.0.202112161359/tools/bin/../lib/gcc/arm-none-eabi/10.3.1/../../../../arm-none-eabi/lib/thumb/v6-m/nofp\libcr_c.a(initio.o)
                0x00003ba8                _initio
 .text.__vfprintf
                0x00003c24      0xd40 c:/nxp/mcuxpressoide_11.6.0_8187/ide/plugins/com.nxp.mcuxpresso.tools.win32_11.6.0.202112161359/tools/bin/../lib/gcc/arm-none-eabi/10.3.1/../../../../arm-none-eabi/lib/thumb/v6-m/nofp\libcr_c.a(printf.o)
                0x00003c24                __vfprintf
 .text._printf_char
                0x00004964       0x34 c:/nxp/mcuxpressoide_11.6.0_8187/ide/plugins/com.nxp.mcuxpresso.tools.win32_11.6.0.202112161359/tools/bin/../lib/gcc/arm-none-eabi/10.3.1/../../../../arm-none-eabi/lib/thumb/v6-m/nofp\libcr_c.a(printf.o)
                0x00004964                _printf_char
 .text.setvbuf  0x00004998       0x4c c:/nxp/mcuxpressoide_11.6.0_8187/ide/plugins/com.nxp.mcuxpresso.tools.win32_11.6.0.202112161359/tools/bin/../lib/gcc/arm-none-eabi/10.3.1/../../../../arm-none-eabi/lib/thumb/v6-m/nofp\libcr_c.a(setvbuf.o)
                0x00004998                setvbuf
 .text.sqrt     0x000049e4      0x134 c:/nxp/mcuxpressoide_11.6.0_8187/ide/plugins/com.nxp.mcuxpresso.tools.win32_11.6.0.202112161359/tools/bin/../lib/gcc/arm-none-eabi/10.3.1/../../../../arm-none-eabi/lib/thumb/v6-m/nofp\libcr_c.a(sqrt.o)
                0x000049e4                sqrt
 .text.strlen   0x00004b18       0x58 c:/nxp/mcuxpressoide_11.6.0_8187/ide/plugins/com.nxp.mcuxpresso.tools.win32_11.6.0.202112161359/tools/bin/../lib/gcc/arm-none-eabi/10.3.1/../../../../arm-none-eabi/lib/thumb/v6-m/nofp\libcr_c.a(strlen.o)
                0x00004b18                strlen
 .text.strncmp  0x00004b70       0x50 c:/nxp/mcuxpressoide_11.6.0_8187/ide/plugins/com.nxp.mcuxpresso.tools.win32_11.6.0.202112161359/tools/bin/../lib/gcc/arm-none-eabi/10.3.1/../../../../arm-none-eabi/lib/thumb/v6-m/nofp\libcr_c.a(strncmp.o)
                0x00004b70                strncmp
 .text._sbrk    0x00004bc0       0x44 c:/nxp/mcuxpressoide_11.6.0_8187/ide/plugins/com.nxp.mcuxpresso.tools.win32_11.6.0.202112161359/tools/bin/../lib/gcc/arm-none-eabi/10.3.1/../../../../arm-none-eabi/lib/thumb/v6-m/nofp\libcr_c.a(_cr_sbrk.o)
                0x00004bc0                _sbrk
 .text._fdopen  0x00004c04       0x74 c:/nxp/mcuxpressoide_11.6.0_8187/ide/plugins/com.nxp.mcuxpresso.tools.win32_11.6.0.202112161359/tools/bin/../lib/gcc/arm-none-eabi/10.3.1/../../../../arm-none-eabi/lib/thumb/v6-m/nofp\libcr_c.a(_fdopen.o)
                0x00004c04                _fdopen
 .text.atan     0x00004c78      0x204 c:/nxp/mcuxpressoide_11.6.0_8187/ide/plugins/com.nxp.mcuxpresso.tools.win32_11.6.0.202112161359/tools/bin/../lib/gcc/arm-none-eabi/10.3.1/../../../../arm-none-eabi/lib/thumb/v6-m/nofp\libcr_c.a(atan.o)
                0x00004c78                atan
 .text.tolower  0x00004e7c       0x14 c:/nxp/mcuxpressoide_11.6.0_8187/ide/plugins/com.nxp.mcuxpresso.tools.win32_11.6.0.202112161359/tools/bin/../lib/gcc/arm-none-eabi/10.3.1/../../../../arm-none-eabi/lib/thumb/v6-m/nofp\libcr_c.a(ctype.o)
                0x00004e7c                tolower
 .text.fclose   0x00004e90       0x5c c:/nxp/mcuxpressoide_11.6.0_8187/ide/plugins/com.nxp.mcuxpresso.tools.win32_11.6.0.202112161359/tools/bin/../lib/gcc/arm-none-eabi/10.3.1/../../../../arm-none-eabi/lib/thumb/v6-m/nofp\libcr_c.a(fclose.o)
                0x00004e90                fclose
 .text.fflush   0x00004eec       0x44 c:/nxp/mcuxpressoide_11.6.0_8187/ide/plugins/com.nxp.mcuxpresso.tools.win32_11.6.0.202112161359/tools/bin/../lib/gcc/arm-none-eabi/10.3.1/../../../../arm-none-eabi/lib/thumb/v6-m/nofp\libcr_c.a(fflush.o)
                0x00004eec                fflush
 .text.__check_heap_overflow
                0x00004f30       0x18 c:/nxp/mcuxpressoide_11.6.0_8187/ide/plugins/com.nxp.mcuxpresso.tools.win32_11.6.0.202112161359/tools/bin/../lib/gcc/arm-none-eabi/10.3.1/../../../../arm-none-eabi/lib/thumb/v6-m/nofp\libcr_c.a(_cr_check_heap.o)
                0x00004f30                __check_heap_overflow
 .text._do_fflush
                0x00004f48       0x48 c:/nxp/mcuxpressoide_11.6.0_8187/ide/plugins/com.nxp.mcuxpresso.tools.win32_11.6.0.202112161359/tools/bin/../lib/gcc/arm-none-eabi/10.3.1/../../../../arm-none-eabi/lib/thumb/v6-m/nofp\libcr_c.a(_do_fflush.o)
                0x00004f48                _do_fflush
 .text.__aeabi_dmul
                0x00004f90      0x184 c:/nxp/mcuxpressoide_11.6.0_8187/ide/plugins/com.nxp.mcuxpresso.tools.win32_11.6.0.202112161359/tools/bin/../lib/gcc/arm-none-eabi/10.3.1/thumb/v6-m/nofp\libcr_eabihelpers.a(double.o)
                0x00004f90                __aeabi_dmul
 .text.__aeabi_ddiv
                0x00005114      0x14c c:/nxp/mcuxpressoide_11.6.0_8187/ide/plugins/com.nxp.mcuxpresso.tools.win32_11.6.0.202112161359/tools/bin/../lib/gcc/arm-none-eabi/10.3.1/thumb/v6-m/nofp\libcr_eabihelpers.a(double.o)
                0x00005114                __aeabi_ddiv
 .text.__aeabi_dsub
                0x00005260      0x1c0 c:/nxp/mcuxpressoide_11.6.0_8187/ide/plugins/com.nxp.mcuxpresso.tools.win32_11.6.0.202112161359/tools/bin/../lib/gcc/arm-none-eabi/10.3.1/thumb/v6-m/nofp\libcr_eabihelpers.a(double.o)
                0x00005260                __aeabi_dsub
 .text.__aeabi_dadd
                0x00005420      0x134 c:/nxp/mcuxpressoide_11.6.0_8187/ide/plugins/com.nxp.mcuxpresso.tools.win32_11.6.0.202112161359/tools/bin/../lib/gcc/arm-none-eabi/10.3.1/thumb/v6-m/nofp\libcr_eabihelpers.a(double.o)
                0x00005420                __aeabi_dadd
 .text.__aeabi_d2f
                0x00005554       0x60 c:/nxp/mcuxpressoide_11.6.0_8187/ide/plugins/com.nxp.mcuxpresso.tools.win32_11.6.0.202112161359/tools/bin/../lib/gcc/arm-none-eabi/10.3.1/thumb/v6-m/nofp\libcr_eabihelpers.a(double.o)
                0x00005554                __aeabi_d2f
 .text.__aeabi_d2iz
                0x000055b4       0x50 c:/nxp/mcuxpressoide_11.6.0_8187/ide/plugins/com.nxp.mcuxpresso.tools.win32_11.6.0.202112161359/tools/bin/../lib/gcc/arm-none-eabi/10.3.1/thumb/v6-m/nofp\libcr_eabihelpers.a(double.o)
                0x000055b4                __aeabi_d2iz
 .text.__aeabi_dcmpeq
                0x00005604       0x30 c:/nxp/mcuxpressoide_11.6.0_8187/ide/plugins/com.nxp.mcuxpresso.tools.win32_11.6.0.202112161359/tools/bin/../lib/gcc/arm-none-eabi/10.3.1/thumb/v6-m/nofp\libcr_eabihelpers.a(double.o)
                0x00005604                __aeabi_dcmpeq
 .text.__aeabi_dcmplt
                0x00005634       0x60 c:/nxp/mcuxpressoide_11.6.0_8187/ide/plugins/com.nxp.mcuxpresso.tools.win32_11.6.0.202112161359/tools/bin/../lib/gcc/arm-none-eabi/10.3.1/thumb/v6-m/nofp\libcr_eabihelpers.a(double.o)
                0x00005634                __aeabi_dcmplt
 .text.__aeabi_dcmpgt
                0x00005694       0x5c c:/nxp/mcuxpressoide_11.6.0_8187/ide/plugins/com.nxp.mcuxpresso.tools.win32_11.6.0.202112161359/tools/bin/../lib/gcc/arm-none-eabi/10.3.1/thumb/v6-m/nofp\libcr_eabihelpers.a(double.o)
                0x00005694                __aeabi_dcmpgt
 .text.__aeabi_dcmple
                0x000056f0       0x5c c:/nxp/mcuxpressoide_11.6.0_8187/ide/plugins/com.nxp.mcuxpresso.tools.win32_11.6.0.202112161359/tools/bin/../lib/gcc/arm-none-eabi/10.3.1/thumb/v6-m/nofp\libcr_eabihelpers.a(double.o)
                0x000056f0                __aeabi_dcmple
 .text.__aeabi_fmul
                0x0000574c       0xc0 c:/nxp/mcuxpressoide_11.6.0_8187/ide/plugins/com.nxp.mcuxpresso.tools.win32_11.6.0.202112161359/tools/bin/../lib/gcc/arm-none-eabi/10.3.1/thumb/v6-m/nofp\libcr_eabihelpers.a(float.o)
                0x0000574c                __aeabi_fmul
 .text.__aeabi_fdiv
                0x0000580c       0xe8 c:/nxp/mcuxpressoide_11.6.0_8187/ide/plugins/com.nxp.mcuxpresso.tools.win32_11.6.0.202112161359/tools/bin/../lib/gcc/arm-none-eabi/10.3.1/thumb/v6-m/nofp\libcr_eabihelpers.a(float.o)
                0x0000580c                __aeabi_fdiv
 .text.__aeabi_fsub
                0x000058f4      0x128 c:/nxp/mcuxpressoide_11.6.0_8187/ide/plugins/com.nxp.mcuxpresso.tools.win32_11.6.0.202112161359/tools/bin/../lib/gcc/arm-none-eabi/10.3.1/thumb/v6-m/nofp\libcr_eabihelpers.a(float.o)
                0x000058f4                __aeabi_fsub
 .text.__aeabi_fadd
                0x00005a1c       0xac c:/nxp/mcuxpressoide_11.6.0_8187/ide/plugins/com.nxp.mcuxpresso.tools.win32_11.6.0.202112161359/tools/bin/../lib/gcc/arm-none-eabi/10.3.1/thumb/v6-m/nofp\libcr_eabihelpers.a(float.o)
                0x00005a1c                __aeabi_fadd
 .text.__aeabi_f2iz
                0x00005ac8       0x3c c:/nxp/mcuxpressoide_11.6.0_8187/ide/plugins/com.nxp.mcuxpresso.tools.win32_11.6.0.202112161359/tools/bin/../lib/gcc/arm-none-eabi/10.3.1/thumb/v6-m/nofp\libcr_eabihelpers.a(float.o)
                0x00005ac8                __aeabi_f2iz
 .text.__aeabi_f2d
                0x00005b04       0x40 c:/nxp/mcuxpressoide_11.6.0_8187/ide/plugins/com.nxp.mcuxpresso.tools.win32_11.6.0.202112161359/tools/bin/../lib/gcc/arm-none-eabi/10.3.1/thumb/v6-m/nofp\libcr_eabihelpers.a(float.o)
                0x00005b04                __aeabi_f2d
 .text.UART_EnableTx
                0x00005b44       0x40 ./utilities/fsl_debug_console.o
 .text.UART_EnableRx
                0x00005b84       0x40 ./utilities/fsl_debug_console.o
 .text.LPSCI_EnableTx
                0x00005bc4       0x40 ./utilities/fsl_debug_console.o
 .text.LPSCI_EnableRx
                0x00005c04       0x40 ./utilities/fsl_debug_console.o
 .text.DbgConsole_PrintfPaddingCharacter
                0x00005c44       0x48 ./utilities/fsl_debug_console.o
 .text.DbgConsole_ConvertRadixNumToString
                0x00005c8c      0x114 ./utilities/fsl_debug_console.o
 .text.DbgConsole_PrintfFormattedData
                0x00005da0      0x33a ./utilities/fsl_debug_console.o
 .text.queue_init
                0x000060da       0x42 ./source/cb_fifo.o
                0x000060da                queue_init
 .text.queue_empty
                0x0000611c       0x1a ./source/cb_fifo.o
                0x0000611c                queue_empty
 .text.queue_full
                0x00006136       0x1e ./source/cb_fifo.o
                0x00006136                queue_full
 .text.queue_size
                0x00006154       0x14 ./source/cb_fifo.o
                0x00006154                queue_size
 .text.cbfifo_enqueue
                0x00006168       0xea ./source/cb_fifo.o
                0x00006168                cbfifo_enqueue
 .text.cbfifo_dequeue
                0x00006252       0xca ./source/cb_fifo.o
                0x00006252                cbfifo_dequeue
 .text.process_command
                0x0000631c       0xb4 ./source/cmd_handle.o
                0x0000631c                process_command
 .text.get_redled_intensity
                0x000063d0       0x18 ./source/main.o
                0x000063d0                get_redled_intensity
 .text.get_greenled_intensity
                0x000063e8       0x18 ./source/main.o
                0x000063e8                get_greenled_intensity
 .text.get_blueled_intensity
                0x00006400       0x16 ./source/main.o
                0x00006400                get_blueled_intensity
 .text.init_mma
                0x00006416       0x16 ./source/mma8451.o
                0x00006416                init_mma
 .text.OSC_SetExtRefClkConfig
                0x0000642c       0x3e ./drivers/fsl_clock.o
 .text.OSC_SetCapLoad
                0x0000646a       0x42 ./drivers/fsl_clock.o
 .text.CLOCK_GetPll0RefFreq
                0x000064ac       0x10 ./drivers/fsl_clock.o
 .text.CLOCK_SetExternalRefClkConfig
                0x000064bc       0x16 ./drivers/fsl_clock.o
                0x000064bc                CLOCK_SetExternalRefClkConfig
 .text.LPSCI_GetStatusFlags
                0x000064d2       0x26 ./drivers/fsl_lpsci.o
                0x000064d2                LPSCI_GetStatusFlags
 .text.UART_GetStatusFlags
                0x000064f8       0x26 ./drivers/fsl_uart.o
                0x000064f8                UART_GetStatusFlags
 .text.UART_WriteBlocking
                0x0000651e       0x3c ./drivers/fsl_uart.o
                0x0000651e                UART_WriteBlocking
 .text.BOARD_InitBootClocks
                0x0000655a        0xe ./board/clock_config.o
                0x0000655a                BOARD_InitBootClocks
 .text.BOARD_InitBootPeripherals
                0x00006568        0xa ./board/peripherals.o
                0x00006568                BOARD_InitBootPeripherals
 .text.BOARD_InitBootPins
                0x00006572        0xe ./board/pin_mux.o
                0x00006572                BOARD_InitBootPins
 .text.__main   0x00006580        0xc c:/nxp/mcuxpressoide_11.6.0_8187/ide/plugins/com.nxp.mcuxpresso.tools.win32_11.6.0.202112161359/tools/bin/../lib/gcc/arm-none-eabi/10.3.1/../../../../arm-none-eabi/lib/thumb/v6-m/nofp\libcr_nohost_nf.a(_cr__main.o)
                0x00006580                __main
 .text.memset   0x0000658c        0x8 c:/nxp/mcuxpressoide_11.6.0_8187/ide/plugins/com.nxp.mcuxpresso.tools.win32_11.6.0.202112161359/tools/bin/../lib/gcc/arm-none-eabi/10.3.1/../../../../arm-none-eabi/lib/thumb/v6-m/nofp\libcr_c.a(memset.o)
                0x0000658c                memset
 .text._Csys_read_
                0x00006594       0x24 c:/nxp/mcuxpressoide_11.6.0_8187/ide/plugins/com.nxp.mcuxpresso.tools.win32_11.6.0.202112161359/tools/bin/../lib/gcc/arm-none-eabi/10.3.1/../../../../arm-none-eabi/lib/thumb/v6-m/nofp\libcr_c.a(__fillbuf.o)
                0x00006594                _Csys_read_
 .text.free     0x000065b8       0x2c c:/nxp/mcuxpressoide_11.6.0_8187/ide/plugins/com.nxp.mcuxpresso.tools.win32_11.6.0.202112161359/tools/bin/../lib/gcc/arm-none-eabi/10.3.1/../../../../arm-none-eabi/lib/thumb/v6-m/nofp\libcr_c.a(alloc.o)
                0x000065b8                free
 .text.fabs     0x000065e4       0x22 c:/nxp/mcuxpressoide_11.6.0_8187/ide/plugins/com.nxp.mcuxpresso.tools.win32_11.6.0.202112161359/tools/bin/../lib/gcc/arm-none-eabi/10.3.1/../../../../arm-none-eabi/lib/thumb/v6-m/nofp\libcr_c.a(fabs.o)
                0x000065e4                fabs
 .text.no_fp_display
                0x00006606        0x4 c:/nxp/mcuxpressoide_11.6.0_8187/ide/plugins/com.nxp.mcuxpresso.tools.win32_11.6.0.202112161359/tools/bin/../lib/gcc/arm-none-eabi/10.3.1/../../../../arm-none-eabi/lib/thumb/v6-m/nofp\libcr_c.a(printf.o)
 .text.strcasecmp
                0x0000660a       0x32 c:/nxp/mcuxpressoide_11.6.0_8187/ide/plugins/com.nxp.mcuxpresso.tools.win32_11.6.0.202112161359/tools/bin/../lib/gcc/arm-none-eabi/10.3.1/../../../../arm-none-eabi/lib/thumb/v6-m/nofp\libcr_c.a(strcasecmp.o)
                0x0000660a                strcasecmp
 .text.remove   0x0000663c       0x12 c:/nxp/mcuxpressoide_11.6.0_8187/ide/plugins/com.nxp.mcuxpresso.tools.win32_11.6.0.202112161359/tools/bin/../lib/gcc/arm-none-eabi/10.3.1/../../../../arm-none-eabi/lib/thumb/v6-m/nofp\libcr_c.a(remove.o)
                0x0000663c                remove
 .text.__aeabi_division_idivmod
                0x0000664e       0x78 c:/nxp/mcuxpressoide_11.6.0_8187/ide/plugins/com.nxp.mcuxpresso.tools.win32_11.6.0.202112161359/tools/bin/../lib/gcc/arm-none-eabi/10.3.1/thumb/v6-m/nofp\libcr_eabihelpers.a(division_32.o)
                0x0000664e                __aeabi_idivmod
                0x0000664e                __aeabi_idiv
                0x00006654                __aeabi_uidivmod
                0x00006654                __aeabi_uidiv
 .text.__aeabi_division_idiv0
                0x000066c6        0x2 c:/nxp/mcuxpressoide_11.6.0_8187/ide/plugins/com.nxp.mcuxpresso.tools.win32_11.6.0.202112161359/tools/bin/../lib/gcc/arm-none-eabi/10.3.1/thumb/v6-m/nofp\libcr_eabihelpers.a(division_idiv0.o)
                0x000066c6                __aeabi_idiv0
 .text.__bhs_ui2d
                0x000066c8       0x5e c:/nxp/mcuxpressoide_11.6.0_8187/ide/plugins/com.nxp.mcuxpresso.tools.win32_11.6.0.202112161359/tools/bin/../lib/gcc/arm-none-eabi/10.3.1/thumb/v6-m/nofp\libcr_eabihelpers.a(double.o)
                0x000066c8                __bhs_ui2d
 .text.__aeabi_i2d
                0x00006726       0x18 c:/nxp/mcuxpressoide_11.6.0_8187/ide/plugins/com.nxp.mcuxpresso.tools.win32_11.6.0.202112161359/tools/bin/../lib/gcc/arm-none-eabi/10.3.1/thumb/v6-m/nofp\libcr_eabihelpers.a(double.o)
                0x00006726                __aeabi_i2d
 .text.__aeabi_fcmplt
                0x0000673e       0x42 c:/nxp/mcuxpressoide_11.6.0_8187/ide/plugins/com.nxp.mcuxpresso.tools.win32_11.6.0.202112161359/tools/bin/../lib/gcc/arm-none-eabi/10.3.1/thumb/v6-m/nofp\libcr_eabihelpers.a(float.o)
                0x0000673e                __aeabi_fcmplt
 .text.__aeabi_fcmpgt
                0x00006780       0x3e c:/nxp/mcuxpressoide_11.6.0_8187/ide/plugins/com.nxp.mcuxpresso.tools.win32_11.6.0.202112161359/tools/bin/../lib/gcc/arm-none-eabi/10.3.1/thumb/v6-m/nofp\libcr_eabihelpers.a(float.o)
                0x00006780                __aeabi_fcmpgt
 .text.__aeabi_llong_lmul
                0x000067be       0x2e c:/nxp/mcuxpressoide_11.6.0_8187/ide/plugins/com.nxp.mcuxpresso.tools.win32_11.6.0.202112161359/tools/bin/../lib/gcc/arm-none-eabi/10.3.1/thumb/v6-m/nofp\libcr_eabihelpers.a(llong.o)
                0x000067be                __aeabi_lmul
 .text.__aeabi_memset_lowlevel
                0x000067ec       0x2a c:/nxp/mcuxpressoide_11.6.0_8187/ide/plugins/com.nxp.mcuxpresso.tools.win32_11.6.0.202112161359/tools/bin/../lib/gcc/arm-none-eabi/10.3.1/thumb/v6-m/nofp\libcr_eabihelpers.a(memcpy.o)
                0x000067ec                __aeabi_lowlevel_memset
 .text.__gnu_thumb1_case_shi
                0x00006816       0x10 c:/nxp/mcuxpressoide_11.6.0_8187/ide/plugins/com.nxp.mcuxpresso.tools.win32_11.6.0.202112161359/tools/bin/../lib/gcc/arm-none-eabi/10.3.1/thumb/v6-m/nofp\libcr_eabihelpers.a(thumb1_switch_helpers.o)
                0x00006816                __gnu_thumb1_case_shi
 .text.__sys_appexit
                0x00006826        0x2 c:/nxp/mcuxpressoide_11.6.0_8187/ide/plugins/com.nxp.mcuxpresso.tools.win32_11.6.0.202112161359/tools/bin/../lib/gcc/arm-none-eabi/10.3.1/../../../../arm-none-eabi/lib/thumb/v6-m/nofp\libcr_nohost_nf.a(__sys_appexit.o)
                0x00006826                __sys_appexit
                0x00006826                __exit
 .text.__sys_close
                0x00006828        0x6 c:/nxp/mcuxpressoide_11.6.0_8187/ide/plugins/com.nxp.mcuxpresso.tools.win32_11.6.0.202112161359/tools/bin/../lib/gcc/arm-none-eabi/10.3.1/../../../../arm-none-eabi/lib/thumb/v6-m/nofp\libcr_nohost_nf.a(__sys_close.o)
                0x00006828                __sys_close
 .text.__sys_flen
                0x0000682e        0x6 c:/nxp/mcuxpressoide_11.6.0_8187/ide/plugins/com.nxp.mcuxpresso.tools.win32_11.6.0.202112161359/tools/bin/../lib/gcc/arm-none-eabi/10.3.1/../../../../arm-none-eabi/lib/thumb/v6-m/nofp\libcr_nohost_nf.a(__sys_flen.o)
                0x0000682e                __sys_flen
 .text.__sys_istty
                0x00006834        0x6 c:/nxp/mcuxpressoide_11.6.0_8187/ide/plugins/com.nxp.mcuxpresso.tools.win32_11.6.0.202112161359/tools/bin/../lib/gcc/arm-none-eabi/10.3.1/../../../../arm-none-eabi/lib/thumb/v6-m/nofp\libcr_nohost_nf.a(__sys_istty.o)
                0x00006834                __sys_istty
 .text.__sys_read
                0x0000683a        0x4 c:/nxp/mcuxpressoide_11.6.0_8187/ide/plugins/com.nxp.mcuxpresso.tools.win32_11.6.0.202112161359/tools/bin/../lib/gcc/arm-none-eabi/10.3.1/../../../../arm-none-eabi/lib/thumb/v6-m/nofp\libcr_nohost_nf.a(__sys_read.o)
                0x0000683a                __sys_read
 .text.__sys_remove
                0x0000683e        0x6 c:/nxp/mcuxpressoide_11.6.0_8187/ide/plugins/com.nxp.mcuxpresso.tools.win32_11.6.0.202112161359/tools/bin/../lib/gcc/arm-none-eabi/10.3.1/../../../../arm-none-eabi/lib/thumb/v6-m/nofp\libcr_nohost_nf.a(__sys_remove.o)
                0x0000683e                __sys_remove
 .text.__sys_seek
                0x00006844        0x6 c:/nxp/mcuxpressoide_11.6.0_8187/ide/plugins/com.nxp.mcuxpresso.tools.win32_11.6.0.202112161359/tools/bin/../lib/gcc/arm-none-eabi/10.3.1/../../../../arm-none-eabi/lib/thumb/v6-m/nofp\libcr_nohost_nf.a(__sys_seek.o)
                0x00006844                __sys_seek
 .text.__sys_tmpnam
                0x0000684a        0x6 c:/nxp/mcuxpressoide_11.6.0_8187/ide/plugins/com.nxp.mcuxpresso.tools.win32_11.6.0.202112161359/tools/bin/../lib/gcc/arm-none-eabi/10.3.1/../../../../arm-none-eabi/lib/thumb/v6-m/nofp\libcr_nohost_nf.a(__sys_tmpnam.o)
                0x0000684a                __sys_tmpnam
 *(SORT_BY_ALIGNMENT(.rodata) SORT_BY_ALIGNMENT(.rodata.*) SORT_BY_ALIGNMENT(.constdata) SORT_BY_ALIGNMENT(.constdata.*))
 .rodata.a.0    0x00006850       0x20 c:/nxp/mcuxpressoide_11.6.0_8187/ide/plugins/com.nxp.mcuxpresso.tools.win32_11.6.0.202112161359/tools/bin/../lib/gcc/arm-none-eabi/10.3.1/../../../../arm-none-eabi/lib/thumb/v6-m/nofp\libcr_c.a(atan.o)
 .rodata.test_cbfifo.str1.4
                0x00006870      0x4bf ./source/cb_fifo.o
 *fill*         0x00006d2f        0x1 ff
 .rodata.str1.4
                0x00006d30       0x4e ./source/cmd_handle.o
 *fill*         0x00006d7e        0x2 ff
 .rodata.commands
                0x00006d80       0x10 ./source/cmd_handle.o
 .rodata.handle_user.str1.4
                0x00006d90       0x15 ./source/cmd_handle.o
 *fill*         0x00006da5        0x3 ff
 .rodata.process_handler.str1.4
                0x00006da8       0x13 ./source/cmd_handle.o
 *fill*         0x00006dbb        0x1 ff
 .rodata.user_authetication.str1.4
                0x00006dbc       0x3b ./source/cmd_handle.o
                                 0x3f (size before relaxing)
 *fill*         0x00006df7        0x1 ff
 .rodata.change_color
                0x00006df8       0x20 ./source/leds.o
                0x00006df8                change_color
 .rodata.setledpwm_uphill.str1.4
                0x00006e18       0x37 ./source/leds.o
 *fill*         0x00006e4f        0x1 ff
 .rodata.setledpwm_downhill.str1.4
                0x00006e50       0x1c ./source/leds.o
 .rodata.TakeAction_Event.str1.4
                0x00006e6c       0xf6 ./source/main.o
 *fill*         0x00006f62        0x2 ff
 .rodata.TakeAction_Event
                0x00006f64       0x28 ./source/main.o
 .rodata.main.str1.4
                0x00006f8c       0x58 ./source/main.o
 .rodata.CLOCK_GetMcgExtClkFreq.str1.4
                0x00006fe4       0x1e ./drivers/fsl_clock.o
 *fill*         0x00007002        0x2 ff
 .rodata.CLOCK_GetPll0Freq.str1.4
                0x00007004       0x1d ./drivers/fsl_clock.o
 *fill*         0x00007021        0x3 ff
 .rodata.CLOCK_EnablePll0.str1.4
                0x00007024       0x19 ./drivers/fsl_clock.o
 *fill*         0x0000703d        0x3 ff
 .rodata.CLOCK_SetPbeMode.str1.4
                0x00007040       0x1a ./drivers/fsl_clock.o
 *fill*         0x0000705a        0x2 ff
 .rodata.CLOCK_BootToPeeMode.str1.4
                0x0000705c       0x1a ./drivers/fsl_clock.o
 *fill*         0x00007076        0x2 ff
 .rodata.fllFactorTable.1
                0x00007078       0x10 ./drivers/fsl_clock.o
 .rodata.__assertion_failed.str1.4
                0x00007088        0x4 ./drivers/fsl_common.o
 .rodata.LPSCI_GetInstance.str1.4
                0x0000708c       0x36 ./drivers/fsl_lpsci.o
 *fill*         0x000070c2        0x2 ff
 .rodata.LPSCI_Init.str1.4
                0x000070c4       0x43 ./drivers/fsl_lpsci.o
 *fill*         0x00007107        0x1 ff
 .rodata.LPSCI_GetDefaultConfig.str1.4
                0x00007108       0x19 ./drivers/fsl_lpsci.o
 *fill*         0x00007121        0x3 ff
 .rodata.LPSCI_WriteBlocking.str1.4
                0x00007124       0x17 ./drivers/fsl_lpsci.o
 *fill*         0x0000713b        0x1 ff
 .rodata.LPSCI_ReadBlocking.str1.4
                0x0000713c       0x17 ./drivers/fsl_lpsci.o
 *fill*         0x00007153        0x1 ff
 .rodata.s_uartBases
                0x00007154        0xc ./drivers/fsl_uart.o
 .rodata.s_uartClock
                0x00007160        0xc ./drivers/fsl_uart.o
 .rodata.UART_GetInstance.str1.4
                0x0000716c       0x2b ./drivers/fsl_uart.o
 *fill*         0x00007197        0x1 ff
 .rodata.UART_Init.str1.4
                0x00007198       0x3e ./drivers/fsl_uart.o
 *fill*         0x000071d6        0x2 ff
 .rodata.UART_GetDefaultConfig.str1.4
                0x000071d8       0x18 ./drivers/fsl_uart.o
 .rodata.UART_ReadBlocking.str1.4
                0x000071f0       0x16 ./drivers/fsl_uart.o
 *fill*         0x00007206        0x2 ff
 .rodata.mcgConfig_BOARD_BootClockRUN
                0x00007208        0xa ./board/clock_config.o
                0x00007208                mcgConfig_BOARD_BootClockRUN
 *fill*         0x00007212        0x2 ff
 .rodata.simConfig_BOARD_BootClockRUN
                0x00007214        0x8 ./board/clock_config.o
                0x00007214                simConfig_BOARD_BootClockRUN
 .rodata.oscConfig_BOARD_BootClockRUN
                0x0000721c        0x8 ./board/clock_config.o
                0x0000721c                oscConfig_BOARD_BootClockRUN
 .rodata.__num_Ciob_streams
                0x00007224        0x4 c:/nxp/mcuxpressoide_11.6.0_8187/ide/plugins/com.nxp.mcuxpresso.tools.win32_11.6.0.202112161359/tools/bin/../lib/gcc/arm-none-eabi/10.3.1/../../../../arm-none-eabi/lib/thumb/v6-m/nofp\libcr_nohost_nf.a(__ciob.o)
                0x00007224                __num_Ciob_streams
 .rodata._Csys_alloc.str1.1
                0x00007228       0x18 c:/nxp/mcuxpressoide_11.6.0_8187/ide/plugins/com.nxp.mcuxpresso.tools.win32_11.6.0.202112161359/tools/bin/../lib/gcc/arm-none-eabi/10.3.1/../../../../arm-none-eabi/lib/thumb/v6-m/nofp\libcr_c.a(alloc.o)
 .rodata._initio.str1.1
                0x00007240        0x4 c:/nxp/mcuxpressoide_11.6.0_8187/ide/plugins/com.nxp.mcuxpresso.tools.win32_11.6.0.202112161359/tools/bin/../lib/gcc/arm-none-eabi/10.3.1/../../../../arm-none-eabi/lib/thumb/v6-m/nofp\libcr_c.a(initio.o)
 .rodata.__vfprintf.str1.1
                0x00007244       0x37 c:/nxp/mcuxpressoide_11.6.0_8187/ide/plugins/com.nxp.mcuxpresso.tools.win32_11.6.0.202112161359/tools/bin/../lib/gcc/arm-none-eabi/10.3.1/../../../../arm-none-eabi/lib/thumb/v6-m/nofp\libcr_c.a(printf.o)
                                 0x38 (size before relaxing)
 .rodata.__ctype
                0x0000727b      0x180 c:/nxp/mcuxpressoide_11.6.0_8187/ide/plugins/com.nxp.mcuxpresso.tools.win32_11.6.0.202112161359/tools/bin/../lib/gcc/arm-none-eabi/10.3.1/../../../../arm-none-eabi/lib/thumb/v6-m/nofp\libcr_c.a(ctype.o)
                0x0000727b                __ctype
                0x000073fc                . = ALIGN (0x4)
 *fill*         0x000073fb        0x1 ff
                0x000073fc                _etext = .

.glue_7         0x000073fc        0x0
 .glue_7        0x000073fc        0x0 linker stubs

.glue_7t        0x000073fc        0x0
 .glue_7t       0x000073fc        0x0 linker stubs

.vfp11_veneer   0x000073fc        0x0
 .vfp11_veneer  0x000073fc        0x0 linker stubs

.v4_bx          0x000073fc        0x0
 .v4_bx         0x000073fc        0x0 linker stubs

.iplt           0x000073fc        0x0
 .iplt          0x000073fc        0x0 ./utilities/fsl_debug_console.o

.rel.dyn        0x000073fc        0x0
 .rel.iplt      0x000073fc        0x0 ./utilities/fsl_debug_console.o

.m_usb_data
 *(SORT_BY_ALIGNMENT(m_usb_bdt))

.mtb_buffer_default
                0x1ffff000       0x80
 *(SORT_BY_ALIGNMENT(.mtb*))
 .mtb.$RAM1     0x1ffff000       0x80 ./source/mtb.o
                0x1ffff000                __mtb_buffer__

.uninit_RESERVED
                0x1ffff080        0x0
                0x1ffff080                _start_uninit_RESERVED = .
 *(SORT_BY_ALIGNMENT(.bss.$RESERVED*))
                0x1ffff080                . = ALIGN (0x4)
                0x1ffff080                _end_uninit_RESERVED = .

.data           0x1ffff080       0x30 load address 0x000073fc
 FILL mask 0xff
                0x1ffff080                _data = .
                [!provide]                PROVIDE (__start_data_RAM = .)
                [!provide]                PROVIDE (__start_data_SRAM = .)
 *(SORT_BY_ALIGNMENT(vtable))
 *(SORT_BY_ALIGNMENT(.ramfunc*))
 *(SORT_BY_ALIGNMENT(CodeQuickAccess))
 *(SORT_BY_ALIGNMENT(DataQuickAccess))
 *(SORT_BY_ALIGNMENT(RamFunction))
 *(SORT_BY_ALIGNMENT(.data*))
 .data.state_table
                0x1ffff080       0x20 ./source/main.o
                0x1ffff080                state_table
 .data.prev_color
                0x1ffff0a0        0x4 ./source/main.o
                0x1ffff0a0                prev_color
 .data.s_slowIrcFreq
                0x1ffff0a4        0x4 ./drivers/fsl_clock.o
 .data.SystemCoreClock
                0x1ffff0a8        0x4 ./CMSIS/system_MKL25Z4.o
                0x1ffff0a8                SystemCoreClock
 .data.prev_state.2
                0x1ffff0ac        0x1 ./source/main.o
                0x1ffff0b0                . = ALIGN (0x4)
 *fill*         0x1ffff0ad        0x3 ff
                0x1ffff0b0                _edata = .
                [!provide]                PROVIDE (__end_data_RAM = .)
                [!provide]                PROVIDE (__end_data_SRAM = .)

.igot.plt       0x1ffff0b0        0x0 load address 0x0000742c
 .igot.plt      0x1ffff0b0        0x0 ./utilities/fsl_debug_console.o

.bss            0x1ffff0b0      0x340
                0x1ffff0b0                _bss = .
                [!provide]                PROVIDE (__start_bss_RAM = .)
                [!provide]                PROVIDE (__start_bss_SRAM = .)
 *(SORT_BY_ALIGNMENT(.bss*))
 .bss.s_debugConsole
                0x1ffff0b0       0x10 ./utilities/fsl_debug_console.o
 .bss.touch_val_var
                0x1ffff0c0        0x4 ./source/TSI_module.o
                0x1ffff0c0                touch_val_var
 .bss.lock_detect
                0x1ffff0c4        0x4 ./source/i2c.o
                0x1ffff0c4                lock_detect
 .bss.i2c_lock  0x1ffff0c8        0x4 ./source/i2c.o
                0x1ffff0c8                i2c_lock
 .bss.ref_time.3
                0x1ffff0cc        0x4 ./source/leds.o
 .bss.recover_criticond.2
                0x1ffff0d0        0x4 ./source/leds.o
 .bss.ref_time.1
                0x1ffff0d4        0x4 ./source/leds.o
 .bss.recover_criticond.0
                0x1ffff0d8        0x4 ./source/leds.o
 .bss.color     0x1ffff0dc        0x4 ./source/main.o
                0x1ffff0dc                color
 .bss.roll      0x1ffff0e0        0x4 ./source/mma8451.o
                0x1ffff0e0                roll
 .bss.pitch     0x1ffff0e4        0x4 ./source/mma8451.o
                0x1ffff0e4                pitch
 .bss.g_timer_start
                0x1ffff0e8        0x4 ./source/systick.o
                0x1ffff0e8                g_timer_start
 .bss.g_timer_63msec
                0x1ffff0ec        0x4 ./source/systick.o
                0x1ffff0ec                g_timer_63msec
 .bss.TxQ       0x1ffff0f0      0x10c ./source/uart.o
                0x1ffff0f0                TxQ
 .bss.RxQ       0x1ffff1fc      0x10c ./source/uart.o
                0x1ffff1fc                RxQ
 .bss.g_xtal0Freq
                0x1ffff308        0x4 ./drivers/fsl_clock.o
                0x1ffff308                g_xtal0Freq
 .bss.s_lpsciHandle
                0x1ffff30c        0x4 ./drivers/fsl_lpsci.o
 .bss.s_lpsciIsr
                0x1ffff310        0x4 ./drivers/fsl_lpsci.o
 .bss.s_uartHandle
                0x1ffff314        0xc ./drivers/fsl_uart.o
 .bss.s_uartIsr
                0x1ffff320        0x4 ./drivers/fsl_uart.o
 .bss.__Ciob    0x1ffff324       0xb4 c:/nxp/mcuxpressoide_11.6.0_8187/ide/plugins/com.nxp.mcuxpresso.tools.win32_11.6.0.202112161359/tools/bin/../lib/gcc/arm-none-eabi/10.3.1/../../../../arm-none-eabi/lib/thumb/v6-m/nofp\libcr_nohost_nf.a(__ciob.o)
                0x1ffff324                __Ciob
 .bss.errno     0x1ffff3d8        0x4 c:/nxp/mcuxpressoide_11.6.0_8187/ide/plugins/com.nxp.mcuxpresso.tools.win32_11.6.0.202112161359/tools/bin/../lib/gcc/arm-none-eabi/10.3.1/../../../../arm-none-eabi/lib/thumb/v6-m/nofp\libcr_c.a(errno.o)
                0x1ffff3d8                errno
 .bss.__end_of_heap
                0x1ffff3dc        0x4 c:/nxp/mcuxpressoide_11.6.0_8187/ide/plugins/com.nxp.mcuxpresso.tools.win32_11.6.0.202112161359/tools/bin/../lib/gcc/arm-none-eabi/10.3.1/../../../../arm-none-eabi/lib/thumb/v6-m/nofp\libcr_c.a(__init_alloc.o)
                0x1ffff3dc                __end_of_heap
 .bss.__heaps   0x1ffff3e0        0x4 c:/nxp/mcuxpressoide_11.6.0_8187/ide/plugins/com.nxp.mcuxpresso.tools.win32_11.6.0.202112161359/tools/bin/../lib/gcc/arm-none-eabi/10.3.1/../../../../arm-none-eabi/lib/thumb/v6-m/nofp\libcr_c.a(__init_alloc.o)
                0x1ffff3e0                __heaps
 .bss.acc_X     0x1ffff3e4        0x2 ./source/mma8451.o
                0x1ffff3e4                acc_X
 .bss.acc_Y     0x1ffff3e6        0x2 ./source/mma8451.o
                0x1ffff3e6                acc_Y
 .bss.acc_Z     0x1ffff3e8        0x2 ./source/mma8451.o
                0x1ffff3e8                acc_Z
 .bss.readtouch_st
                0x1ffff3ea        0x1 ./source/TSI_module.o
                0x1ffff3ea                readtouch_st
 .bss.event_touch
                0x1ffff3eb        0x1 ./source/main.o
                0x1ffff3eb                event_touch
 .bss.transition_state
                0x1ffff3ec        0x1 ./source/main.o
                0x1ffff3ec                transition_state
 .bss.bump_detected.1
                0x1ffff3ed        0x1 ./source/main.o
 .bss.roll_detected.0
                0x1ffff3ee        0x1 ./source/main.o
 *(SORT_BY_ALIGNMENT(COMMON))
                0x1ffff3f0                . = ALIGN (0x4)
 *fill*         0x1ffff3ef        0x1 
                0x1ffff3f0                _ebss = .
                [!provide]                PROVIDE (__end_bss_RAM = .)
                [!provide]                PROVIDE (__end_bss_SRAM = .)
                [!provide]                PROVIDE (end = .)

.noinit         0x1ffff3f0        0x0
                0x1ffff3f0                _noinit = .
                [!provide]                PROVIDE (__start_noinit_RAM = .)
                [!provide]                PROVIDE (__start_noinit_SRAM = .)
 *(SORT_BY_ALIGNMENT(.noinit*))
                0x1ffff3f0                . = ALIGN (0x4)
                0x1ffff3f0                _end_noinit = .
                [!provide]                PROVIDE (__end_noinit_RAM = .)
                [!provide]                PROVIDE (__end_noinit_SRAM = .)

.ARM.extab
 *(SORT_BY_ALIGNMENT(.ARM.extab*) SORT_BY_ALIGNMENT(.gnu.linkonce.armextab.*))

.ARM.exidx      0x0000742c        0x0
                0x0000742c                __exidx_start = .
 *(SORT_BY_ALIGNMENT(.ARM.exidx*) SORT_BY_ALIGNMENT(.gnu.linkonce.armexidx.*))
                0x0000742c                __exidx_end = .
                0x00000400                _HeapSize = 0x400

.heap           0x1ffff3f0      0x400
                0x1ffff3f0                _pvHeapStart = .
                0x1ffff7f0                . = (. + _HeapSize)
 *fill*         0x1ffff3f0      0x400 
                0x1ffff7f0                . = ALIGN (0x4)
                0x1ffff7f0                _pvHeapLimit = .
                0x00000400                _StackSize = 0x400

.heap2stackfill
                0x1ffff7f0      0x400
                0x1ffffbf0                . = (. + _StackSize)
 *fill*         0x1ffff7f0      0x400 

.stack          0x20002c00        0x0
                0x20002c00                _vStackBase = .
                0x20002c00                . = ALIGN (0x4)
                0x20003000                _vStackTop = (. + _StackSize)
                0x00000000                _image_start = LOADADDR (.text)
                0x0000742c                _image_end = (LOADADDR (.data) + SIZEOF (.data))
                0x0000742c                _image_size = (_image_end - _image_start)
OUTPUT(pes_finalproject.axf elf32-littlearm)
LOAD linker stubs

.debug_info     0x00000000     0xaa84
 .debug_info    0x00000000      0xe16 ./utilities/fsl_debug_console.o
 .debug_info    0x00000e16      0x4eb ./startup/startup_mkl25z4.o
 .debug_info    0x00001301      0x8d1 ./source/TSI_module.o
 .debug_info    0x00001bd2      0x484 ./source/cb_fifo.o
 .debug_info    0x00002056      0x3e4 ./source/cmd_handle.o
 .debug_info    0x0000243a       0xb0 ./source/delay.o
 .debug_info    0x000024ea      0x531 ./source/i2c.o
 .debug_info    0x00002a1b      0x6d7 ./source/leds.o
 .debug_info    0x000030f2      0x5f2 ./source/main.o
 .debug_info    0x000036e4      0x39f ./source/mma8451.o
 .debug_info    0x00003a83       0x53 ./source/mtb.o
 .debug_info    0x00003ad6       0x3c ./source/semihost_hardfault.o
 .debug_info    0x00003b12      0x194 ./source/sysclock.o
 .debug_info    0x00003ca6      0x5e6 ./source/systick.o
 .debug_info    0x0000428c      0xa27 ./source/uart.o
 .debug_info    0x00004cb3     0x1a5a ./drivers/fsl_clock.o
 .debug_info    0x0000670d      0x3e8 ./drivers/fsl_common.o
 .debug_info    0x00006af5     0x140d ./drivers/fsl_lpsci.o
 .debug_info    0x00007f02     0x13ae ./drivers/fsl_uart.o
 .debug_info    0x000092b0      0x394 ./board/board.o
 .debug_info    0x00009644      0xabc ./board/clock_config.o
 .debug_info    0x0000a100       0x3c ./board/peripherals.o
 .debug_info    0x0000a13c      0x547 ./board/pin_mux.o
 .debug_info    0x0000a683      0x401 ./CMSIS/system_MKL25Z4.o

.debug_abbrev   0x00000000     0x262f
 .debug_abbrev  0x00000000      0x2a5 ./utilities/fsl_debug_console.o
 .debug_abbrev  0x000002a5      0x198 ./startup/startup_mkl25z4.o
 .debug_abbrev  0x0000043d      0x1a3 ./source/TSI_module.o
 .debug_abbrev  0x000005e0      0x210 ./source/cb_fifo.o
 .debug_abbrev  0x000007f0      0x136 ./source/cmd_handle.o
 .debug_abbrev  0x00000926       0x7f ./source/delay.o
 .debug_abbrev  0x000009a5      0x179 ./source/i2c.o
 .debug_abbrev  0x00000b1e      0x190 ./source/leds.o
 .debug_abbrev  0x00000cae      0x1bb ./source/main.o
 .debug_abbrev  0x00000e69      0x115 ./source/mma8451.o
 .debug_abbrev  0x00000f7e       0x46 ./source/mtb.o
 .debug_abbrev  0x00000fc4       0x31 ./source/semihost_hardfault.o
 .debug_abbrev  0x00000ff5       0xb4 ./source/sysclock.o
 .debug_abbrev  0x000010a9      0x1b2 ./source/systick.o
 .debug_abbrev  0x0000125b      0x256 ./source/uart.o
 .debug_abbrev  0x000014b1      0x357 ./drivers/fsl_clock.o
 .debug_abbrev  0x00001808      0x25b ./drivers/fsl_common.o
 .debug_abbrev  0x00001a63      0x2d7 ./drivers/fsl_lpsci.o
 .debug_abbrev  0x00001d3a      0x2f1 ./drivers/fsl_uart.o
 .debug_abbrev  0x0000202b      0x11b ./board/board.o
 .debug_abbrev  0x00002146      0x201 ./board/clock_config.o
 .debug_abbrev  0x00002347       0x31 ./board/peripherals.o
 .debug_abbrev  0x00002378      0x189 ./board/pin_mux.o
 .debug_abbrev  0x00002501      0x12e ./CMSIS/system_MKL25Z4.o

.debug_aranges  0x00000000      0xa60
 .debug_aranges
                0x00000000       0x90 ./utilities/fsl_debug_console.o
 .debug_aranges
                0x00000090      0x160 ./startup/startup_mkl25z4.o
 .debug_aranges
                0x000001f0       0x48 ./source/TSI_module.o
 .debug_aranges
                0x00000238       0x58 ./source/cb_fifo.o
 .debug_aranges
                0x00000290       0x38 ./source/cmd_handle.o
 .debug_aranges
                0x000002c8       0x20 ./source/delay.o
 .debug_aranges
                0x000002e8       0x58 ./source/i2c.o
 .debug_aranges
                0x00000340       0x40 ./source/leds.o
 .debug_aranges
                0x00000380       0x48 ./source/main.o
 .debug_aranges
                0x000003c8       0x38 ./source/mma8451.o
 .debug_aranges
                0x00000400       0x18 ./source/mtb.o
 .debug_aranges
                0x00000418       0x20 ./source/semihost_hardfault.o
 .debug_aranges
                0x00000438       0x20 ./source/sysclock.o
 .debug_aranges
                0x00000458       0x50 ./source/systick.o
 .debug_aranges
                0x000004a8       0x60 ./source/uart.o
 .debug_aranges
                0x00000508      0x1d8 ./drivers/fsl_clock.o
 .debug_aranges
                0x000006e0       0x38 ./drivers/fsl_common.o
 .debug_aranges
                0x00000718      0x118 ./drivers/fsl_lpsci.o
 .debug_aranges
                0x00000830      0x130 ./drivers/fsl_uart.o
 .debug_aranges
                0x00000960       0x28 ./board/board.o
 .debug_aranges
                0x00000988       0x58 ./board/clock_config.o
 .debug_aranges
                0x000009e0       0x20 ./board/peripherals.o
 .debug_aranges
                0x00000a00       0x38 ./board/pin_mux.o
 .debug_aranges
                0x00000a38       0x28 ./CMSIS/system_MKL25Z4.o

.debug_ranges   0x00000000      0x8d8
 .debug_ranges  0x00000000       0x80 ./utilities/fsl_debug_console.o
 .debug_ranges  0x00000080      0x150 ./startup/startup_mkl25z4.o
 .debug_ranges  0x000001d0       0x38 ./source/TSI_module.o
 .debug_ranges  0x00000208       0x48 ./source/cb_fifo.o
 .debug_ranges  0x00000250       0x28 ./source/cmd_handle.o
 .debug_ranges  0x00000278       0x10 ./source/delay.o
 .debug_ranges  0x00000288       0x48 ./source/i2c.o
 .debug_ranges  0x000002d0       0x30 ./source/leds.o
 .debug_ranges  0x00000300       0x38 ./source/main.o
 .debug_ranges  0x00000338       0x28 ./source/mma8451.o
 .debug_ranges  0x00000360       0x10 ./source/semihost_hardfault.o
 .debug_ranges  0x00000370       0x10 ./source/sysclock.o
 .debug_ranges  0x00000380       0x40 ./source/systick.o
 .debug_ranges  0x000003c0       0x50 ./source/uart.o
 .debug_ranges  0x00000410      0x1c8 ./drivers/fsl_clock.o
 .debug_ranges  0x000005d8       0x28 ./drivers/fsl_common.o
 .debug_ranges  0x00000600      0x108 ./drivers/fsl_lpsci.o
 .debug_ranges  0x00000708      0x120 ./drivers/fsl_uart.o
 .debug_ranges  0x00000828       0x18 ./board/board.o
 .debug_ranges  0x00000840       0x48 ./board/clock_config.o
 .debug_ranges  0x00000888       0x10 ./board/peripherals.o
 .debug_ranges  0x00000898       0x28 ./board/pin_mux.o
 .debug_ranges  0x000008c0       0x18 ./CMSIS/system_MKL25Z4.o

.debug_macro    0x00000000     0xeb52
 .debug_macro   0x00000000      0x127 ./utilities/fsl_debug_console.o
 .debug_macro   0x00000127      0xa84 ./utilities/fsl_debug_console.o
 .debug_macro   0x00000bab       0x10 ./utilities/fsl_debug_console.o
 .debug_macro   0x00000bbb       0x16 ./utilities/fsl_debug_console.o
 .debug_macro   0x00000bd1       0x10 ./utilities/fsl_debug_console.o
 .debug_macro   0x00000be1      0x12e ./utilities/fsl_debug_console.o
 .debug_macro   0x00000d0f       0x28 ./utilities/fsl_debug_console.o
 .debug_macro   0x00000d37       0xc4 ./utilities/fsl_debug_console.o
 .debug_macro   0x00000dfb       0x16 ./utilities/fsl_debug_console.o
 .debug_macro   0x00000e11       0x22 ./utilities/fsl_debug_console.o
 .debug_macro   0x00000e33      0x5b3 ./utilities/fsl_debug_console.o
 .debug_macro   0x000013e6       0x10 ./utilities/fsl_debug_console.o
 .debug_macro   0x000013f6       0x3f ./utilities/fsl_debug_console.o
 .debug_macro   0x00001435       0x3a ./utilities/fsl_debug_console.o
 .debug_macro   0x0000146f       0x26 ./utilities/fsl_debug_console.o
 .debug_macro   0x00001495      0x329 ./utilities/fsl_debug_console.o
 .debug_macro   0x000017be       0x30 ./utilities/fsl_debug_console.o
 .debug_macro   0x000017ee     0x51e2 ./utilities/fsl_debug_console.o
 .debug_macro   0x000069d0     0x1352 ./utilities/fsl_debug_console.o
 .debug_macro   0x00007d22       0x3a ./utilities/fsl_debug_console.o
 .debug_macro   0x00007d5c       0xf4 ./utilities/fsl_debug_console.o
 .debug_macro   0x00007e50       0x35 ./utilities/fsl_debug_console.o
 .debug_macro   0x00007e85       0x2e ./utilities/fsl_debug_console.o
 .debug_macro   0x00007eb3       0x10 ./utilities/fsl_debug_console.o
 .debug_macro   0x00007ec3       0x10 ./utilities/fsl_debug_console.o
 .debug_macro   0x00007ed3       0x29 ./startup/startup_mkl25z4.o
 .debug_macro   0x00007efc      0x150 ./source/TSI_module.o
 .debug_macro   0x0000804c       0xe5 ./source/TSI_module.o
 .debug_macro   0x00008131       0x16 ./source/TSI_module.o
 .debug_macro   0x00008147       0x10 ./source/TSI_module.o
 .debug_macro   0x00008157      0x112 ./source/TSI_module.o
 .debug_macro   0x00008269       0x34 ./source/TSI_module.o
 .debug_macro   0x0000829d       0x10 ./source/TSI_module.o
 .debug_macro   0x000082ad       0xe2 ./source/cb_fifo.o
 .debug_macro   0x0000838f       0x34 ./source/cb_fifo.o
 .debug_macro   0x000083c3       0xdf ./source/cb_fifo.o
 .debug_macro   0x000084a2       0xdc ./source/cmd_handle.o
 .debug_macro   0x0000857e       0x22 ./source/cmd_handle.o
 .debug_macro   0x000085a0       0x88 ./source/delay.o
 .debug_macro   0x00008628       0x3f ./source/delay.o
 .debug_macro   0x00008667       0x34 ./source/delay.o
 .debug_macro   0x0000869b     0x51e2 ./source/delay.o
 .debug_macro   0x0000d87d       0x91 ./source/i2c.o
 .debug_macro   0x0000d90e       0x46 ./source/i2c.o
 .debug_macro   0x0000d954      0x1ad ./source/leds.o
 .debug_macro   0x0000db01       0x58 ./source/leds.o
 .debug_macro   0x0000db59       0x34 ./source/leds.o
 .debug_macro   0x0000db8d       0x28 ./source/leds.o
 .debug_macro   0x0000dbb5      0x20e ./source/main.o
 .debug_macro   0x0000ddc3       0x3a ./source/main.o
 .debug_macro   0x0000ddfd       0x34 ./source/main.o
 .debug_macro   0x0000de31       0x10 ./source/main.o
 .debug_macro   0x0000de41      0x120 ./source/mma8451.o
 .debug_macro   0x0000df61       0x2f ./source/mtb.o
 .debug_macro   0x0000df90       0x82 ./source/mtb.o
 .debug_macro   0x0000e012       0x10 ./source/mtb.o
 .debug_macro   0x0000e022       0x11 ./source/semihost_hardfault.o
 .debug_macro   0x0000e033       0x91 ./source/sysclock.o
 .debug_macro   0x0000e0c4      0x140 ./source/systick.o
 .debug_macro   0x0000e204       0xd4 ./source/uart.o
 .debug_macro   0x0000e2d8      0x196 ./drivers/fsl_clock.o
 .debug_macro   0x0000e46e       0x1c ./drivers/fsl_clock.o
 .debug_macro   0x0000e48a       0xef ./drivers/fsl_common.o
 .debug_macro   0x0000e579       0xec ./drivers/fsl_lpsci.o
 .debug_macro   0x0000e665       0xf2 ./drivers/fsl_uart.o
 .debug_macro   0x0000e757      0x112 ./board/board.o
 .debug_macro   0x0000e869      0x123 ./board/clock_config.o
 .debug_macro   0x0000e98c       0x1b ./board/peripherals.o
 .debug_macro   0x0000e9a7      0x107 ./board/pin_mux.o
 .debug_macro   0x0000eaae       0x10 ./board/pin_mux.o
 .debug_macro   0x0000eabe       0x94 ./CMSIS/system_MKL25Z4.o

.debug_line     0x00000000     0x7e2a
 .debug_line    0x00000000      0xc4f ./utilities/fsl_debug_console.o
 .debug_line    0x00000c4f      0x1ed ./startup/startup_mkl25z4.o
 .debug_line    0x00000e3c      0x4b5 ./source/TSI_module.o
 .debug_line    0x000012f1      0x5b9 ./source/cb_fifo.o
 .debug_line    0x000018aa      0x3bc ./source/cmd_handle.o
 .debug_line    0x00001c66      0x225 ./source/delay.o
 .debug_line    0x00001e8b      0x3ad ./source/i2c.o
 .debug_line    0x00002238      0x5d0 ./source/leds.o
 .debug_line    0x00002808      0x657 ./source/main.o
 .debug_line    0x00002e5f      0x456 ./source/mma8451.o
 .debug_line    0x000032b5       0xd1 ./source/mtb.o
 .debug_line    0x00003386       0x59 ./source/semihost_hardfault.o
 .debug_line    0x000033df      0x222 ./source/sysclock.o
 .debug_line    0x00003601      0x44f ./source/systick.o
 .debug_line    0x00003a50      0x4b9 ./source/uart.o
 .debug_line    0x00003f09     0x12dc ./drivers/fsl_clock.o
 .debug_line    0x000051e5      0x3d8 ./drivers/fsl_common.o
 .debug_line    0x000055bd      0xd55 ./drivers/fsl_lpsci.o
 .debug_line    0x00006312      0xd44 ./drivers/fsl_uart.o
 .debug_line    0x00007056      0x34c ./board/board.o
 .debug_line    0x000073a2      0x3b9 ./board/clock_config.o
 .debug_line    0x0000775b       0x5c ./board/peripherals.o
 .debug_line    0x000077b7      0x340 ./board/pin_mux.o
 .debug_line    0x00007af7      0x333 ./CMSIS/system_MKL25Z4.o

.debug_str      0x00000000    0x36b62
 .debug_str     0x00000000    0x31373 ./utilities/fsl_debug_console.o
                              0x31617 (size before relaxing)
 .debug_str     0x00031373      0x3cd ./startup/startup_mkl25z4.o
                               0x30b5 (size before relaxing)
 .debug_str     0x00031740     0x10e7 ./source/TSI_module.o
                              0x31a09 (size before relaxing)
 .debug_str     0x00032827      0x1d3 ./source/cb_fifo.o
                              0x2920e (size before relaxing)
 .debug_str     0x000329fa      0x188 ./source/cmd_handle.o
                              0x2913a (size before relaxing)
 .debug_str     0x00032b82       0x12 ./source/delay.o
                              0x28bf7 (size before relaxing)
 .debug_str     0x00032b94      0x22f ./source/i2c.o
                              0x28ef1 (size before relaxing)
 .debug_str     0x00032dc3      0x2f9 ./source/leds.o
                              0x31e26 (size before relaxing)
 .debug_str     0x000330bc      0x354 ./source/main.o
                              0x322fd (size before relaxing)
 .debug_str     0x00033410       0x8a ./source/mma8451.o
                              0x310bb (size before relaxing)
 .debug_str     0x0003349a      0x532 ./source/mtb.o
                               0x31d5 (size before relaxing)
 .debug_str     0x000339cc       0x1f ./source/semihost_hardfault.o
                               0x2cc2 (size before relaxing)
 .debug_str     0x000339eb       0x38 ./source/sysclock.o
                              0x28c59 (size before relaxing)
 .debug_str     0x00033a23       0xa7 ./source/systick.o
                              0x317f6 (size before relaxing)
 .debug_str     0x00033aca       0x70 ./source/uart.o
                              0x2952b (size before relaxing)
 .debug_str     0x00033b3a     0x1774 ./drivers/fsl_clock.o
                              0x3218a (size before relaxing)
 .debug_str     0x000352ae       0xe1 ./drivers/fsl_common.o
                              0x30758 (size before relaxing)
 .debug_str     0x0003538f      0x95a ./drivers/fsl_lpsci.o
                              0x31779 (size before relaxing)
 .debug_str     0x00035ce9      0x832 ./drivers/fsl_uart.o
                              0x3179c (size before relaxing)
 .debug_str     0x0003651b       0x4c ./board/board.o
                              0x30f51 (size before relaxing)
 .debug_str     0x00036567      0x39a ./board/clock_config.o
                              0x310bb (size before relaxing)
 .debug_str     0x00036901       0x31 ./board/peripherals.o
                               0x2cd3 (size before relaxing)
 .debug_str     0x00036932      0x1e1 ./board/pin_mux.o
                              0x30802 (size before relaxing)
 .debug_str     0x00036b13       0x4f ./CMSIS/system_MKL25Z4.o
                              0x2fb04 (size before relaxing)

.comment        0x00000000       0x49
 .comment       0x00000000       0x49 ./utilities/fsl_debug_console.o
                                 0x4a (size before relaxing)
 .comment       0x00000049       0x4a ./startup/startup_mkl25z4.o
 .comment       0x00000049       0x4a ./source/TSI_module.o
 .comment       0x00000049       0x4a ./source/cb_fifo.o
 .comment       0x00000049       0x4a ./source/cmd_handle.o
 .comment       0x00000049       0x4a ./source/delay.o
 .comment       0x00000049       0x4a ./source/i2c.o
 .comment       0x00000049       0x4a ./source/leds.o
 .comment       0x00000049       0x4a ./source/main.o
 .comment       0x00000049       0x4a ./source/mma8451.o
 .comment       0x00000049       0x4a ./source/mtb.o
 .comment       0x00000049       0x4a ./source/semihost_hardfault.o
 .comment       0x00000049       0x4a ./source/sysclock.o
 .comment       0x00000049       0x4a ./source/systick.o
 .comment       0x00000049       0x4a ./source/uart.o
 .comment       0x00000049       0x4a ./drivers/fsl_clock.o
 .comment       0x00000049       0x4a ./drivers/fsl_common.o
 .comment       0x00000049       0x4a ./drivers/fsl_lpsci.o
 .comment       0x00000049       0x4a ./drivers/fsl_uart.o
 .comment       0x00000049       0x4a ./board/board.o
 .comment       0x00000049       0x4a ./board/clock_config.o
 .comment       0x00000049       0x4a ./board/peripherals.o
 .comment       0x00000049       0x4a ./board/pin_mux.o
 .comment       0x00000049       0x4a ./CMSIS/system_MKL25Z4.o
 .comment       0x00000049       0x4a c:/nxp/mcuxpressoide_11.6.0_8187/ide/plugins/com.nxp.mcuxpresso.tools.win32_11.6.0.202112161359/tools/bin/../lib/gcc/arm-none-eabi/10.3.1/../../../../arm-none-eabi/lib/thumb/v6-m/nofp\libcr_nohost_nf.a(__ciob.o)
 .comment       0x00000049       0x4a c:/nxp/mcuxpressoide_11.6.0_8187/ide/plugins/com.nxp.mcuxpresso.tools.win32_11.6.0.202112161359/tools/bin/../lib/gcc/arm-none-eabi/10.3.1/../../../../arm-none-eabi/lib/thumb/v6-m/nofp\libcr_nohost_nf.a(_cr__main.o)
 .comment       0x00000049       0x4a c:/nxp/mcuxpressoide_11.6.0_8187/ide/plugins/com.nxp.mcuxpresso.tools.win32_11.6.0.202112161359/tools/bin/../lib/gcc/arm-none-eabi/10.3.1/../../../../arm-none-eabi/lib/thumb/v6-m/nofp\libcr_c.a(memset.o)
 .comment       0x00000049       0x4a c:/nxp/mcuxpressoide_11.6.0_8187/ide/plugins/com.nxp.mcuxpresso.tools.win32_11.6.0.202112161359/tools/bin/../lib/gcc/arm-none-eabi/10.3.1/../../../../arm-none-eabi/lib/thumb/v6-m/nofp\libcr_c.a(__fillbuf.o)
 .comment       0x00000049       0x4a c:/nxp/mcuxpressoide_11.6.0_8187/ide/plugins/com.nxp.mcuxpresso.tools.win32_11.6.0.202112161359/tools/bin/../lib/gcc/arm-none-eabi/10.3.1/../../../../arm-none-eabi/lib/thumb/v6-m/nofp\libcr_c.a(_deferredlazyseek.o)
 .comment       0x00000049       0x4a c:/nxp/mcuxpressoide_11.6.0_8187/ide/plugins/com.nxp.mcuxpresso.tools.win32_11.6.0.202112161359/tools/bin/../lib/gcc/arm-none-eabi/10.3.1/../../../../arm-none-eabi/lib/thumb/v6-m/nofp\libcr_c.a(_fflush.o)
 .comment       0x00000049       0x4a c:/nxp/mcuxpressoide_11.6.0_8187/ide/plugins/com.nxp.mcuxpresso.tools.win32_11.6.0.202112161359/tools/bin/../lib/gcc/arm-none-eabi/10.3.1/../../../../arm-none-eabi/lib/thumb/v6-m/nofp\libcr_c.a(_writebuf.o)
 .comment       0x00000049       0x4a c:/nxp/mcuxpressoide_11.6.0_8187/ide/plugins/com.nxp.mcuxpresso.tools.win32_11.6.0.202112161359/tools/bin/../lib/gcc/arm-none-eabi/10.3.1/../../../../arm-none-eabi/lib/thumb/v6-m/nofp\libcr_c.a(alloc.o)
 .comment       0x00000049       0x4a c:/nxp/mcuxpressoide_11.6.0_8187/ide/plugins/com.nxp.mcuxpresso.tools.win32_11.6.0.202112161359/tools/bin/../lib/gcc/arm-none-eabi/10.3.1/../../../../arm-none-eabi/lib/thumb/v6-m/nofp\libcr_c.a(atan2.o)
 .comment       0x00000049       0x4a c:/nxp/mcuxpressoide_11.6.0_8187/ide/plugins/com.nxp.mcuxpresso.tools.win32_11.6.0.202112161359/tools/bin/../lib/gcc/arm-none-eabi/10.3.1/../../../../arm-none-eabi/lib/thumb/v6-m/nofp\libcr_c.a(errno.o)
 .comment       0x00000049       0x4a c:/nxp/mcuxpressoide_11.6.0_8187/ide/plugins/com.nxp.mcuxpresso.tools.win32_11.6.0.202112161359/tools/bin/../lib/gcc/arm-none-eabi/10.3.1/../../../../arm-none-eabi/lib/thumb/v6-m/nofp\libcr_c.a(fabs.o)
 .comment       0x00000049       0x4a c:/nxp/mcuxpressoide_11.6.0_8187/ide/plugins/com.nxp.mcuxpresso.tools.win32_11.6.0.202112161359/tools/bin/../lib/gcc/arm-none-eabi/10.3.1/../../../../arm-none-eabi/lib/thumb/v6-m/nofp\libcr_c.a(fseek.o)
 .comment       0x00000049       0x4a c:/nxp/mcuxpressoide_11.6.0_8187/ide/plugins/com.nxp.mcuxpresso.tools.win32_11.6.0.202112161359/tools/bin/../lib/gcc/arm-none-eabi/10.3.1/../../../../arm-none-eabi/lib/thumb/v6-m/nofp\libcr_c.a(ftell.o)
 .comment       0x00000049       0x4a c:/nxp/mcuxpressoide_11.6.0_8187/ide/plugins/com.nxp.mcuxpresso.tools.win32_11.6.0.202112161359/tools/bin/../lib/gcc/arm-none-eabi/10.3.1/../../../../arm-none-eabi/lib/thumb/v6-m/nofp\libcr_c.a(initio.o)
 .comment       0x00000049       0x4a c:/nxp/mcuxpressoide_11.6.0_8187/ide/plugins/com.nxp.mcuxpresso.tools.win32_11.6.0.202112161359/tools/bin/../lib/gcc/arm-none-eabi/10.3.1/../../../../arm-none-eabi/lib/thumb/v6-m/nofp\libcr_c.a(printf.o)
 .comment       0x00000049       0x4a c:/nxp/mcuxpressoide_11.6.0_8187/ide/plugins/com.nxp.mcuxpresso.tools.win32_11.6.0.202112161359/tools/bin/../lib/gcc/arm-none-eabi/10.3.1/../../../../arm-none-eabi/lib/thumb/v6-m/nofp\libcr_c.a(setvbuf.o)
 .comment       0x00000049       0x4a c:/nxp/mcuxpressoide_11.6.0_8187/ide/plugins/com.nxp.mcuxpresso.tools.win32_11.6.0.202112161359/tools/bin/../lib/gcc/arm-none-eabi/10.3.1/../../../../arm-none-eabi/lib/thumb/v6-m/nofp\libcr_c.a(sqrt.o)
 .comment       0x00000049       0x4a c:/nxp/mcuxpressoide_11.6.0_8187/ide/plugins/com.nxp.mcuxpresso.tools.win32_11.6.0.202112161359/tools/bin/../lib/gcc/arm-none-eabi/10.3.1/../../../../arm-none-eabi/lib/thumb/v6-m/nofp\libcr_c.a(strcasecmp.o)
 .comment       0x00000049       0x4a c:/nxp/mcuxpressoide_11.6.0_8187/ide/plugins/com.nxp.mcuxpresso.tools.win32_11.6.0.202112161359/tools/bin/../lib/gcc/arm-none-eabi/10.3.1/../../../../arm-none-eabi/lib/thumb/v6-m/nofp\libcr_c.a(strlen.o)
 .comment       0x00000049       0x4a c:/nxp/mcuxpressoide_11.6.0_8187/ide/plugins/com.nxp.mcuxpresso.tools.win32_11.6.0.202112161359/tools/bin/../lib/gcc/arm-none-eabi/10.3.1/../../../../arm-none-eabi/lib/thumb/v6-m/nofp\libcr_c.a(strncmp.o)
 .comment       0x00000049       0x4a c:/nxp/mcuxpressoide_11.6.0_8187/ide/plugins/com.nxp.mcuxpresso.tools.win32_11.6.0.202112161359/tools/bin/../lib/gcc/arm-none-eabi/10.3.1/../../../../arm-none-eabi/lib/thumb/v6-m/nofp\libcr_c.a(__init_alloc.o)
 .comment       0x00000049       0x4a c:/nxp/mcuxpressoide_11.6.0_8187/ide/plugins/com.nxp.mcuxpresso.tools.win32_11.6.0.202112161359/tools/bin/../lib/gcc/arm-none-eabi/10.3.1/../../../../arm-none-eabi/lib/thumb/v6-m/nofp\libcr_c.a(_cr_sbrk.o)
 .comment       0x00000049       0x4a c:/nxp/mcuxpressoide_11.6.0_8187/ide/plugins/com.nxp.mcuxpresso.tools.win32_11.6.0.202112161359/tools/bin/../lib/gcc/arm-none-eabi/10.3.1/../../../../arm-none-eabi/lib/thumb/v6-m/nofp\libcr_c.a(_fdopen.o)
 .comment       0x00000049       0x4a c:/nxp/mcuxpressoide_11.6.0_8187/ide/plugins/com.nxp.mcuxpresso.tools.win32_11.6.0.202112161359/tools/bin/../lib/gcc/arm-none-eabi/10.3.1/../../../../arm-none-eabi/lib/thumb/v6-m/nofp\libcr_c.a(atan.o)
 .comment       0x00000049       0x4a c:/nxp/mcuxpressoide_11.6.0_8187/ide/plugins/com.nxp.mcuxpresso.tools.win32_11.6.0.202112161359/tools/bin/../lib/gcc/arm-none-eabi/10.3.1/../../../../arm-none-eabi/lib/thumb/v6-m/nofp\libcr_c.a(ctype.o)
 .comment       0x00000049       0x4a c:/nxp/mcuxpressoide_11.6.0_8187/ide/plugins/com.nxp.mcuxpresso.tools.win32_11.6.0.202112161359/tools/bin/../lib/gcc/arm-none-eabi/10.3.1/../../../../arm-none-eabi/lib/thumb/v6-m/nofp\libcr_c.a(fclose.o)
 .comment       0x00000049       0x4a c:/nxp/mcuxpressoide_11.6.0_8187/ide/plugins/com.nxp.mcuxpresso.tools.win32_11.6.0.202112161359/tools/bin/../lib/gcc/arm-none-eabi/10.3.1/../../../../arm-none-eabi/lib/thumb/v6-m/nofp\libcr_c.a(fflush.o)
 .comment       0x00000049       0x4a c:/nxp/mcuxpressoide_11.6.0_8187/ide/plugins/com.nxp.mcuxpresso.tools.win32_11.6.0.202112161359/tools/bin/../lib/gcc/arm-none-eabi/10.3.1/../../../../arm-none-eabi/lib/thumb/v6-m/nofp\libcr_c.a(remove.o)
 .comment       0x00000049       0x4a c:/nxp/mcuxpressoide_11.6.0_8187/ide/plugins/com.nxp.mcuxpresso.tools.win32_11.6.0.202112161359/tools/bin/../lib/gcc/arm-none-eabi/10.3.1/../../../../arm-none-eabi/lib/thumb/v6-m/nofp\libcr_c.a(_cr_check_heap.o)
 .comment       0x00000049       0x4a c:/nxp/mcuxpressoide_11.6.0_8187/ide/plugins/com.nxp.mcuxpresso.tools.win32_11.6.0.202112161359/tools/bin/../lib/gcc/arm-none-eabi/10.3.1/../../../../arm-none-eabi/lib/thumb/v6-m/nofp\libcr_c.a(_do_fflush.o)
 .comment       0x00000049       0x4a c:/nxp/mcuxpressoide_11.6.0_8187/ide/plugins/com.nxp.mcuxpresso.tools.win32_11.6.0.202112161359/tools/bin/../lib/gcc/arm-none-eabi/10.3.1/thumb/v6-m/nofp\libcr_eabihelpers.a(double.o)
 .comment       0x00000049       0x4a c:/nxp/mcuxpressoide_11.6.0_8187/ide/plugins/com.nxp.mcuxpresso.tools.win32_11.6.0.202112161359/tools/bin/../lib/gcc/arm-none-eabi/10.3.1/thumb/v6-m/nofp\libcr_eabihelpers.a(float.o)
 .comment       0x00000049       0x4a c:/nxp/mcuxpressoide_11.6.0_8187/ide/plugins/com.nxp.mcuxpresso.tools.win32_11.6.0.202112161359/tools/bin/../lib/gcc/arm-none-eabi/10.3.1/../../../../arm-none-eabi/lib/thumb/v6-m/nofp\libcr_nohost_nf.a(__sys_appexit.o)
 .comment       0x00000049       0x4a c:/nxp/mcuxpressoide_11.6.0_8187/ide/plugins/com.nxp.mcuxpresso.tools.win32_11.6.0.202112161359/tools/bin/../lib/gcc/arm-none-eabi/10.3.1/../../../../arm-none-eabi/lib/thumb/v6-m/nofp\libcr_nohost_nf.a(__sys_close.o)
 .comment       0x00000049       0x4a c:/nxp/mcuxpressoide_11.6.0_8187/ide/plugins/com.nxp.mcuxpresso.tools.win32_11.6.0.202112161359/tools/bin/../lib/gcc/arm-none-eabi/10.3.1/../../../../arm-none-eabi/lib/thumb/v6-m/nofp\libcr_nohost_nf.a(__sys_flen.o)
 .comment       0x00000049       0x4a c:/nxp/mcuxpressoide_11.6.0_8187/ide/plugins/com.nxp.mcuxpresso.tools.win32_11.6.0.202112161359/tools/bin/../lib/gcc/arm-none-eabi/10.3.1/../../../../arm-none-eabi/lib/thumb/v6-m/nofp\libcr_nohost_nf.a(__sys_istty.o)
 .comment       0x00000049       0x4a c:/nxp/mcuxpressoide_11.6.0_8187/ide/plugins/com.nxp.mcuxpresso.tools.win32_11.6.0.202112161359/tools/bin/../lib/gcc/arm-none-eabi/10.3.1/../../../../arm-none-eabi/lib/thumb/v6-m/nofp\libcr_nohost_nf.a(__sys_read.o)
 .comment       0x00000049       0x4a c:/nxp/mcuxpressoide_11.6.0_8187/ide/plugins/com.nxp.mcuxpresso.tools.win32_11.6.0.202112161359/tools/bin/../lib/gcc/arm-none-eabi/10.3.1/../../../../arm-none-eabi/lib/thumb/v6-m/nofp\libcr_nohost_nf.a(__sys_remove.o)
 .comment       0x00000049       0x4a c:/nxp/mcuxpressoide_11.6.0_8187/ide/plugins/com.nxp.mcuxpresso.tools.win32_11.6.0.202112161359/tools/bin/../lib/gcc/arm-none-eabi/10.3.1/../../../../arm-none-eabi/lib/thumb/v6-m/nofp\libcr_nohost_nf.a(__sys_seek.o)
 .comment       0x00000049       0x4a c:/nxp/mcuxpressoide_11.6.0_8187/ide/plugins/com.nxp.mcuxpresso.tools.win32_11.6.0.202112161359/tools/bin/../lib/gcc/arm-none-eabi/10.3.1/../../../../arm-none-eabi/lib/thumb/v6-m/nofp\libcr_nohost_nf.a(__sys_tmpnam.o)

.ARM.attributes
                0x00000000       0x2a
 .ARM.attributes
                0x00000000       0x2c ./utilities/fsl_debug_console.o
 .ARM.attributes
                0x0000002c       0x2c ./startup/startup_mkl25z4.o
 .ARM.attributes
                0x00000058       0x2c ./source/TSI_module.o
 .ARM.attributes
                0x00000084       0x2c ./source/cb_fifo.o
 .ARM.attributes
                0x000000b0       0x2c ./source/cmd_handle.o
 .ARM.attributes
                0x000000dc       0x2c ./source/delay.o
 .ARM.attributes
                0x00000108       0x2c ./source/i2c.o
 .ARM.attributes
                0x00000134       0x2c ./source/leds.o
 .ARM.attributes
                0x00000160       0x2c ./source/main.o
 .ARM.attributes
                0x0000018c       0x2c ./source/mma8451.o
 .ARM.attributes
                0x000001b8       0x2c ./source/mtb.o
 .ARM.attributes
                0x000001e4       0x2c ./source/semihost_hardfault.o
 .ARM.attributes
                0x00000210       0x2c ./source/sysclock.o
 .ARM.attributes
                0x0000023c       0x2c ./source/systick.o
 .ARM.attributes
                0x00000268       0x2c ./source/uart.o
 .ARM.attributes
                0x00000294       0x2c ./drivers/fsl_clock.o
 .ARM.attributes
                0x000002c0       0x2c ./drivers/fsl_common.o
 .ARM.attributes
                0x000002ec       0x2c ./drivers/fsl_lpsci.o
 .ARM.attributes
                0x00000318       0x2c ./drivers/fsl_uart.o
 .ARM.attributes
                0x00000344       0x2c ./board/board.o
 .ARM.attributes
                0x00000370       0x2c ./board/clock_config.o
 .ARM.attributes
                0x0000039c       0x2c ./board/peripherals.o
 .ARM.attributes
                0x000003c8       0x2c ./board/pin_mux.o
 .ARM.attributes
                0x000003f4       0x2c ./CMSIS/system_MKL25Z4.o
 .ARM.attributes
                0x00000420       0x2c c:/nxp/mcuxpressoide_11.6.0_8187/ide/plugins/com.nxp.mcuxpresso.tools.win32_11.6.0.202112161359/tools/bin/../lib/gcc/arm-none-eabi/10.3.1/../../../../arm-none-eabi/lib/thumb/v6-m/nofp\libcr_nohost_nf.a(__ciob.o)
 .ARM.attributes
                0x0000044c       0x2c c:/nxp/mcuxpressoide_11.6.0_8187/ide/plugins/com.nxp.mcuxpresso.tools.win32_11.6.0.202112161359/tools/bin/../lib/gcc/arm-none-eabi/10.3.1/../../../../arm-none-eabi/lib/thumb/v6-m/nofp\libcr_nohost_nf.a(_cr__main.o)
 .ARM.attributes
                0x00000478       0x2c c:/nxp/mcuxpressoide_11.6.0_8187/ide/plugins/com.nxp.mcuxpresso.tools.win32_11.6.0.202112161359/tools/bin/../lib/gcc/arm-none-eabi/10.3.1/../../../../arm-none-eabi/lib/thumb/v6-m/nofp\libcr_c.a(memset.o)
 .ARM.attributes
                0x000004a4       0x2c c:/nxp/mcuxpressoide_11.6.0_8187/ide/plugins/com.nxp.mcuxpresso.tools.win32_11.6.0.202112161359/tools/bin/../lib/gcc/arm-none-eabi/10.3.1/../../../../arm-none-eabi/lib/thumb/v6-m/nofp\libcr_c.a(__fillbuf.o)
 .ARM.attributes
                0x000004d0       0x2c c:/nxp/mcuxpressoide_11.6.0_8187/ide/plugins/com.nxp.mcuxpresso.tools.win32_11.6.0.202112161359/tools/bin/../lib/gcc/arm-none-eabi/10.3.1/../../../../arm-none-eabi/lib/thumb/v6-m/nofp\libcr_c.a(_deferredlazyseek.o)
 .ARM.attributes
                0x000004fc       0x2c c:/nxp/mcuxpressoide_11.6.0_8187/ide/plugins/com.nxp.mcuxpresso.tools.win32_11.6.0.202112161359/tools/bin/../lib/gcc/arm-none-eabi/10.3.1/../../../../arm-none-eabi/lib/thumb/v6-m/nofp\libcr_c.a(_fflush.o)
 .ARM.attributes
                0x00000528       0x2c c:/nxp/mcuxpressoide_11.6.0_8187/ide/plugins/com.nxp.mcuxpresso.tools.win32_11.6.0.202112161359/tools/bin/../lib/gcc/arm-none-eabi/10.3.1/../../../../arm-none-eabi/lib/thumb/v6-m/nofp\libcr_c.a(_writebuf.o)
 .ARM.attributes
                0x00000554       0x2c c:/nxp/mcuxpressoide_11.6.0_8187/ide/plugins/com.nxp.mcuxpresso.tools.win32_11.6.0.202112161359/tools/bin/../lib/gcc/arm-none-eabi/10.3.1/../../../../arm-none-eabi/lib/thumb/v6-m/nofp\libcr_c.a(alloc.o)
 .ARM.attributes
                0x00000580       0x2c c:/nxp/mcuxpressoide_11.6.0_8187/ide/plugins/com.nxp.mcuxpresso.tools.win32_11.6.0.202112161359/tools/bin/../lib/gcc/arm-none-eabi/10.3.1/../../../../arm-none-eabi/lib/thumb/v6-m/nofp\libcr_c.a(atan2.o)
 .ARM.attributes
                0x000005ac       0x2c c:/nxp/mcuxpressoide_11.6.0_8187/ide/plugins/com.nxp.mcuxpresso.tools.win32_11.6.0.202112161359/tools/bin/../lib/gcc/arm-none-eabi/10.3.1/../../../../arm-none-eabi/lib/thumb/v6-m/nofp\libcr_c.a(errno.o)
 .ARM.attributes
                0x000005d8       0x2c c:/nxp/mcuxpressoide_11.6.0_8187/ide/plugins/com.nxp.mcuxpresso.tools.win32_11.6.0.202112161359/tools/bin/../lib/gcc/arm-none-eabi/10.3.1/../../../../arm-none-eabi/lib/thumb/v6-m/nofp\libcr_c.a(fabs.o)
 .ARM.attributes
                0x00000604       0x2c c:/nxp/mcuxpressoide_11.6.0_8187/ide/plugins/com.nxp.mcuxpresso.tools.win32_11.6.0.202112161359/tools/bin/../lib/gcc/arm-none-eabi/10.3.1/../../../../arm-none-eabi/lib/thumb/v6-m/nofp\libcr_c.a(fseek.o)
 .ARM.attributes
                0x00000630       0x2c c:/nxp/mcuxpressoide_11.6.0_8187/ide/plugins/com.nxp.mcuxpresso.tools.win32_11.6.0.202112161359/tools/bin/../lib/gcc/arm-none-eabi/10.3.1/../../../../arm-none-eabi/lib/thumb/v6-m/nofp\libcr_c.a(ftell.o)
 .ARM.attributes
                0x0000065c       0x2c c:/nxp/mcuxpressoide_11.6.0_8187/ide/plugins/com.nxp.mcuxpresso.tools.win32_11.6.0.202112161359/tools/bin/../lib/gcc/arm-none-eabi/10.3.1/../../../../arm-none-eabi/lib/thumb/v6-m/nofp\libcr_c.a(initio.o)
 .ARM.attributes
                0x00000688       0x2c c:/nxp/mcuxpressoide_11.6.0_8187/ide/plugins/com.nxp.mcuxpresso.tools.win32_11.6.0.202112161359/tools/bin/../lib/gcc/arm-none-eabi/10.3.1/../../../../arm-none-eabi/lib/thumb/v6-m/nofp\libcr_c.a(printf.o)
 .ARM.attributes
                0x000006b4       0x2c c:/nxp/mcuxpressoide_11.6.0_8187/ide/plugins/com.nxp.mcuxpresso.tools.win32_11.6.0.202112161359/tools/bin/../lib/gcc/arm-none-eabi/10.3.1/../../../../arm-none-eabi/lib/thumb/v6-m/nofp\libcr_c.a(setvbuf.o)
 .ARM.attributes
                0x000006e0       0x2c c:/nxp/mcuxpressoide_11.6.0_8187/ide/plugins/com.nxp.mcuxpresso.tools.win32_11.6.0.202112161359/tools/bin/../lib/gcc/arm-none-eabi/10.3.1/../../../../arm-none-eabi/lib/thumb/v6-m/nofp\libcr_c.a(sqrt.o)
 .ARM.attributes
                0x0000070c       0x2c c:/nxp/mcuxpressoide_11.6.0_8187/ide/plugins/com.nxp.mcuxpresso.tools.win32_11.6.0.202112161359/tools/bin/../lib/gcc/arm-none-eabi/10.3.1/../../../../arm-none-eabi/lib/thumb/v6-m/nofp\libcr_c.a(strcasecmp.o)
 .ARM.attributes
                0x00000738       0x2c c:/nxp/mcuxpressoide_11.6.0_8187/ide/plugins/com.nxp.mcuxpresso.tools.win32_11.6.0.202112161359/tools/bin/../lib/gcc/arm-none-eabi/10.3.1/../../../../arm-none-eabi/lib/thumb/v6-m/nofp\libcr_c.a(strlen.o)
 .ARM.attributes
                0x00000764       0x2c c:/nxp/mcuxpressoide_11.6.0_8187/ide/plugins/com.nxp.mcuxpresso.tools.win32_11.6.0.202112161359/tools/bin/../lib/gcc/arm-none-eabi/10.3.1/../../../../arm-none-eabi/lib/thumb/v6-m/nofp\libcr_c.a(strncmp.o)
 .ARM.attributes
                0x00000790       0x2c c:/nxp/mcuxpressoide_11.6.0_8187/ide/plugins/com.nxp.mcuxpresso.tools.win32_11.6.0.202112161359/tools/bin/../lib/gcc/arm-none-eabi/10.3.1/../../../../arm-none-eabi/lib/thumb/v6-m/nofp\libcr_c.a(__init_alloc.o)
 .ARM.attributes
                0x000007bc       0x2c c:/nxp/mcuxpressoide_11.6.0_8187/ide/plugins/com.nxp.mcuxpresso.tools.win32_11.6.0.202112161359/tools/bin/../lib/gcc/arm-none-eabi/10.3.1/../../../../arm-none-eabi/lib/thumb/v6-m/nofp\libcr_c.a(_cr_sbrk.o)
 .ARM.attributes
                0x000007e8       0x2c c:/nxp/mcuxpressoide_11.6.0_8187/ide/plugins/com.nxp.mcuxpresso.tools.win32_11.6.0.202112161359/tools/bin/../lib/gcc/arm-none-eabi/10.3.1/../../../../arm-none-eabi/lib/thumb/v6-m/nofp\libcr_c.a(_fdopen.o)
 .ARM.attributes
                0x00000814       0x2c c:/nxp/mcuxpressoide_11.6.0_8187/ide/plugins/com.nxp.mcuxpresso.tools.win32_11.6.0.202112161359/tools/bin/../lib/gcc/arm-none-eabi/10.3.1/../../../../arm-none-eabi/lib/thumb/v6-m/nofp\libcr_c.a(atan.o)
 .ARM.attributes
                0x00000840       0x2c c:/nxp/mcuxpressoide_11.6.0_8187/ide/plugins/com.nxp.mcuxpresso.tools.win32_11.6.0.202112161359/tools/bin/../lib/gcc/arm-none-eabi/10.3.1/../../../../arm-none-eabi/lib/thumb/v6-m/nofp\libcr_c.a(ctype.o)
 .ARM.attributes
                0x0000086c       0x2c c:/nxp/mcuxpressoide_11.6.0_8187/ide/plugins/com.nxp.mcuxpresso.tools.win32_11.6.0.202112161359/tools/bin/../lib/gcc/arm-none-eabi/10.3.1/../../../../arm-none-eabi/lib/thumb/v6-m/nofp\libcr_c.a(fclose.o)
 .ARM.attributes
                0x00000898       0x2c c:/nxp/mcuxpressoide_11.6.0_8187/ide/plugins/com.nxp.mcuxpresso.tools.win32_11.6.0.202112161359/tools/bin/../lib/gcc/arm-none-eabi/10.3.1/../../../../arm-none-eabi/lib/thumb/v6-m/nofp\libcr_c.a(fflush.o)
 .ARM.attributes
                0x000008c4       0x2c c:/nxp/mcuxpressoide_11.6.0_8187/ide/plugins/com.nxp.mcuxpresso.tools.win32_11.6.0.202112161359/tools/bin/../lib/gcc/arm-none-eabi/10.3.1/../../../../arm-none-eabi/lib/thumb/v6-m/nofp\libcr_c.a(remove.o)
 .ARM.attributes
                0x000008f0       0x2c c:/nxp/mcuxpressoide_11.6.0_8187/ide/plugins/com.nxp.mcuxpresso.tools.win32_11.6.0.202112161359/tools/bin/../lib/gcc/arm-none-eabi/10.3.1/../../../../arm-none-eabi/lib/thumb/v6-m/nofp\libcr_c.a(_cr_check_heap.o)
 .ARM.attributes
                0x0000091c       0x2c c:/nxp/mcuxpressoide_11.6.0_8187/ide/plugins/com.nxp.mcuxpresso.tools.win32_11.6.0.202112161359/tools/bin/../lib/gcc/arm-none-eabi/10.3.1/../../../../arm-none-eabi/lib/thumb/v6-m/nofp\libcr_c.a(_do_fflush.o)
 .ARM.attributes
                0x00000948       0x1c c:/nxp/mcuxpressoide_11.6.0_8187/ide/plugins/com.nxp.mcuxpresso.tools.win32_11.6.0.202112161359/tools/bin/../lib/gcc/arm-none-eabi/10.3.1/thumb/v6-m/nofp\libcr_eabihelpers.a(division_32.o)
 .ARM.attributes